2629, imst:lumberjack/mangrove_hut, HEADING, header:ignore, 0, 0, 0
2630, additionalstructures:villager_statue_1, HEADING, header:ignore, 0, 0, 0
2631, qrafty:termite_hill, HEADING, header:ignore, 0, 0, 0
2632, mns:smoking_shrine, HEADING, header:ignore, 0, 0, 0
2633, bettermineshafts:mineshaft_mushroom, HEADING, header:ignore, 0, 0, 0
2634, nova_structures:well_dark_oak, HEADING, header:ignore, 0, 0, 0
2635, structory:firetower, HEADING, header:ignore, 0, 0, 0
2636, iceandfire:mausoleum, HEADING, header:ignore, 0, 0, 0
2637, imst:witch_hut, HEADING, header:ignore, 0, 0, 0
2638, imst:witch_hut, MONSTER, minecraft:witch, 10, 1, 1
2639, mvs:log_ruin, HEADING, header:ignore, 0, 0, 0
2640, medieval_buildings:ship, HEADING, header:ignore, 0, 0, 0
2641, additionalstructures:pillar_ruin_2, HEADING, header:ignore, 0, 0, 0
2642, additionalstructures:underground_base_2, HEADING, header:ignore, 0, 0, 0
2643, mes:enderwatch_tower, HEADING, header:ignore, 0, 0, 0
2644, additionalstructures:birch_log, HEADING, header:ignore, 0, 0, 0
2645, additionalstructures:tomb_1, HEADING, header:ignore, 0, 0, 0
2646, minecraft:mansion, HEADING, header:ignore, 0, 0, 0
2647, philipsruins:level_one_ruins, HEADING, header:ignore, 0, 0, 0
2648, philipsruins:level_one_ruins, MONSTER, minecraft:skeleton, 10, 2, 10
2649, philipsruins:level_one_ruins, MONSTER, minecraft:zombie, 12, 5, 12
2650, mvs:cathedral, HEADING, header:ignore, 0, 0, 0
2651, mvs:cathedral, MONSTER, minecraft:skeleton, 10, 1, 2
2652, mvs:cathedral, MONSTER, minecraft:zombie, 20, 2, 5
2653, mvs:small_swamp_house, HEADING, header:ignore, 0, 0, 0
2654, bettermineshafts:mineshaft_spruce_snowy, HEADING, header:ignore, 0, 0, 0
2655, ctov:medium/village_plains_fortified, HEADING, header:ignore, 0, 0, 0
2656, additionalstructures:bush_3, HEADING, header:ignore, 0, 0, 0
2657, ctov:small/village_christmas, HEADING, header:ignore, 0, 0, 0
2658, ctov:large/village_plains_fortified, HEADING, header:ignore, 0, 0, 0
2659, additionalstructures:suspicious_gravel_patch_2, HEADING, header:ignore, 0, 0, 0
2660, additionalstructures:spruce_log_1, HEADING, header:ignore, 0, 0, 0
2661, additionalstructures:obsidian_tree_4, HEADING, header:ignore, 0, 0, 0
2662, minecraft:monument, HEADING, header:ignore, 0, 0, 0
2663, minecraft:monument, MONSTER, minecraft:guardian, 10, 2, 4
2664, additionalstructures:dead_tree_2, HEADING, header:ignore, 0, 0, 0
2665, nova_structures:wild_ruin, HEADING, header:ignore, 0, 0, 0
2666, formationsnether:small_lava_arena, HEADING, header:ignore, 0, 0, 0
2667, additionalstructures:obsidian_pillar_4, HEADING, header:ignore, 0, 0, 0
2668, medievalend:house, HEADING, header:ignore, 0, 0, 0
2669, structory:swamp_ruin, HEADING, header:ignore, 0, 0, 0
2670, mvs:crystal, HEADING, header:ignore, 0, 0, 0
2671, additionalstructures:sandstone_totem_3, HEADING, header:ignore, 0, 0, 0
2672, mes:mega_ship, HEADING, header:ignore, 0, 0, 0
2673, mes:mega_ship, MONSTER, minecraft:shulker, 10, 2, 3
2674, mns:sword, HEADING, header:ignore, 0, 0, 0
2675, ctov:pillager_outpost_jungle, HEADING, header:ignore, 0, 0, 0
2676, ctov:pillager_outpost_jungle, MONSTER, minecraft:pillager, 10, 1, 1
2677, ctov:pillager_outpost_jungle, MONSTER, minecraft:evoker, 10, 1, 1
2678, ctov:pillager_outpost_jungle, MONSTER, minecraft:vindicator, 10, 1, 1
2679, ctov:pillager_outpost_jungle, MONSTER, minecraft:witch, 10, 1, 1
2680, formationsoverworld:cobble_hole, HEADING, header:ignore, 0, 0, 0
2681, betterwitchhuts:witch_circle, HEADING, header:ignore, 0, 0, 0
2682, betterwitchhuts:witch_circle, MONSTER, minecraft:witch, 10, 1, 1
2683, betterwitchhuts:witch_circle, CREATURE, minecraft:cat, 10, 1, 1
2684, betternether:respawn_points, HEADING, header:ignore, 0, 0, 0
2685, totw_modded:end, HEADING, header:ignore, 0, 0, 0
2686, ctov:small/village_savanna_na, HEADING, header:ignore, 0, 0, 0
2687, philipsruins:level_three_ruins, HEADING, header:ignore, 0, 0, 0
2688, imst:viking_house, HEADING, header:ignore, 0, 0, 0
2689, imst:viking_house, MONSTER, minecraft:pillager, 10, 1, 1
2690, wabi_sabi_structures:totem_pole, HEADING, header:ignore, 0, 0, 0
2691, additionalstructures:bone_1, HEADING, header:ignore, 0, 0, 0
2692, additionalstructures:shulker_cluster_2, HEADING, header:ignore, 0, 0, 0
2693, structory_towers:nether/fortress_tower, HEADING, header:ignore, 0, 0, 0
2694, mvs:end_scraps_2, HEADING, header:ignore, 0, 0, 0
2695, structory:outcast_villager_grassy, HEADING, header:ignore, 0, 0, 0
2696, additionalstructures:skeleton_skull, HEADING, header:ignore, 0, 0, 0
2697, totw_modded:desert, HEADING, header:ignore, 0, 0, 0
2698, formationsoverworld:igloo, HEADING, header:ignore, 0, 0, 0
2699, imst:balloon, HEADING, header:ignore, 0, 0, 0
2700, additionalstructures:suspicious_sand_patch_1, HEADING, header:ignore, 0, 0, 0
2701, mns:medium_house_2, HEADING, header:ignore, 0, 0, 0
2702, additionalstructures:end_wall_ruin_1, HEADING, header:ignore, 0, 0, 0
2703, wabi_sabi_structures:obsidian_egg, HEADING, header:ignore, 0, 0, 0
2704, farmers_structures:aquaculture_common, HEADING, header:ignore, 0, 0, 0
2705, additionalstructures:fallen_dead_tree_3, HEADING, header:ignore, 0, 0, 0
2706, create_structures_arise:obsidiantemple, HEADING, header:ignore, 0, 0, 0
2707, castleshift:castle, HEADING, header:ignore, 0, 0, 0
2708, additionalstructures:flotsam_4, HEADING, header:ignore, 0, 0, 0
2709, mvs:mineshaft, HEADING, header:ignore, 0, 0, 0
2710, forsaken:wells/pit/cobble, HEADING, header:ignore, 0, 0, 0
2711, formationsoverworld:log_spikes, HEADING, header:ignore, 0, 0, 0
2712, mvs:fox_hut, HEADING, header:ignore, 0, 0, 0
2713, structory_towers:mirage_outpost, HEADING, header:ignore, 0, 0, 0
2714, iceandfire:graveyard, HEADING, header:ignore, 0, 0, 0
2715, forsaken:wells/pit/mud, HEADING, header:ignore, 0, 0, 0
2716, structory:northern_ruin, HEADING, header:ignore, 0, 0, 0
2717, mes:mega_ship_crashed_deepslate, HEADING, header:ignore, 0, 0, 0
2718, mes:mega_ship_crashed_deepslate, MONSTER, minecraft:shulker, 10, 1, 2
2719, wabi_sabi_structures:memorial_of_tonkis, HEADING, header:ignore, 0, 0, 0
2720, wabi_sabi_structures:infested_castle, HEADING, header:ignore, 0, 0, 0
2721, additionalstructures:snow_pile_1, HEADING, header:ignore, 0, 0, 0
2722, red:plains_oracle, HEADING, header:ignore, 0, 0, 0
2723, mns:large_blackstone_walls, HEADING, header:ignore, 0, 0, 0
2724, imst:train_station, HEADING, header:ignore, 0, 0, 0
2725, imst:train_station, MONSTER, minecraft:pillager, 10, 1, 1
2726, minecraft:shipwreck_beached, HEADING, header:ignore, 0, 0, 0
2727, formationsnether:obsidian_pillar, HEADING, header:ignore, 0, 0, 0
2728, minecraft:ancient_city, HEADING, header:ignore, 0, 0, 0
2729, structory_towers:nomad_outpost, HEADING, header:ignore, 0, 0, 0
2730, mvs:snowy_well, HEADING, header:ignore, 0, 0, 0
2731, mebahelcreaturesdraugr:draugr_crypt, HEADING, header:ignore, 0, 0, 0
2732, additionalstructures:farm_2, HEADING, header:ignore, 0, 0, 0
2733, mvs:small_cherry_lantern, HEADING, header:ignore, 0, 0, 0
2734, nova_structures:tavern_spruce, HEADING, header:ignore, 0, 0, 0
2735, grim_kingdoms:stonyfell_outpost, HEADING, header:ignore, 0, 0, 0
2736, create_structures_arise:createlittleman, HEADING, header:ignore, 0, 0, 0
2737, imst:terralith/yurt, HEADING, header:ignore, 0, 0, 0
2738, additionalstructures:stone_circle_2, HEADING, header:ignore, 0, 0, 0
2739, additionalstructures:villager_statue_3, HEADING, header:ignore, 0, 0, 0
2740, mns:medium_house, HEADING, header:ignore, 0, 0, 0
2741, explorify:mangrove_hut, HEADING, header:ignore, 0, 0, 0
2742, mvs:birch_log_pile, HEADING, header:ignore, 0, 0, 0
2743, wabi_sabi_structures:zen_chair_museum, HEADING, header:ignore, 0, 0, 0
2744, nova_structures:well_birch, HEADING, header:ignore, 0, 0, 0
2745, explorify:supply_cache/desert, HEADING, header:ignore, 0, 0, 0
2746, bettermineshafts:mineshaft_acacia, HEADING, header:ignore, 0, 0, 0
2747, bosses_of_mass_destruction:lich_tower, HEADING, header:ignore, 0, 0, 0
2748, mvs:horse_pen, HEADING, header:ignore, 0, 0, 0
2749, wabi_sabi_structures:old_tiny_house, HEADING, header:ignore, 0, 0, 0
2750, additionalstructures:flotsam_2, HEADING, header:ignore, 0, 0, 0
2751, forsaken:wells/oriental, HEADING, header:ignore, 0, 0, 0
2752, structory_towers:small_firetower, HEADING, header:ignore, 0, 0, 0
2753, wabi_sabi_structures:frost_reactor_plant, HEADING, header:ignore, 0, 0, 0
2754, additionalstructures:damaged_mushroom_2, HEADING, header:ignore, 0, 0, 0
2755, mns:very_small_blackstone_3, HEADING, header:ignore, 0, 0, 0
2756, ctov:pillager_outpost_desert, HEADING, header:ignore, 0, 0, 0
2757, ctov:pillager_outpost_desert, MONSTER, minecraft:pillager, 10, 1, 1
2758, ctov:pillager_outpost_desert, MONSTER, minecraft:evoker, 10, 1, 1
2759, ctov:pillager_outpost_desert, MONSTER, minecraft:vindicator, 10, 1, 1
2760, ctov:pillager_outpost_desert, MONSTER, minecraft:witch, 10, 1, 1
2761, ctov:medium/village_beach, HEADING, header:ignore, 0, 0, 0
2762, structory_towers:wizard_tower, HEADING, header:ignore, 0, 0, 0
2763, create_structures_arise:createairdrop, HEADING, header:ignore, 0, 0, 0
2764, additionalstructures:desert_tomb_2, HEADING, header:ignore, 0, 0, 0
2765, additionalstructures:desert_tomb_2, MONSTER, minecraft:husk, 10, 2, 4
2766, red:jungle_pyramid, HEADING, header:ignore, 0, 0, 0
2767, nova_structures:witch_villa, HEADING, header:ignore, 0, 0, 0
2768, additionalstructures:fallen_palm_tree_2, HEADING, header:ignore, 0, 0, 0
2769, mns:medium_crimson_fungus_2, HEADING, header:ignore, 0, 0, 0
2770, eugene:camp, HEADING, header:ignore, 0, 0, 0
2771, mns:soul_fire, HEADING, header:ignore, 0, 0, 0
2772, additionalstructures:nether_wall_ruin_4, HEADING, header:ignore, 0, 0, 0
2773, additionalstructures:tower_2, HEADING, header:ignore, 0, 0, 0
2774, mvs:large_warped_tower, HEADING, header:ignore, 0, 0, 0
2775, nova_structures:skeleton_camp_waste, HEADING, header:ignore, 0, 0, 0
2776, mvs:acacia_log_pile, HEADING, header:ignore, 0, 0, 0
2777, totw_modded:ocean_warm, HEADING, header:ignore, 0, 0, 0
2778, additionalstructures:nether_pillar_2, HEADING, header:ignore, 0, 0, 0
2779, mes:placid_prairie, HEADING, header:ignore, 0, 0, 0
2780, mvs:horse_campsite, HEADING, header:ignore, 0, 0, 0
2781, additionalstructures:bush_2, HEADING, header:ignore, 0, 0, 0
2782, structory_towers:quarter_outpost, HEADING, header:ignore, 0, 0, 0
2783, cavernous:lush_village, HEADING, header:ignore, 0, 0, 0
2784, mns:very_small_blackstone, HEADING, header:ignore, 0, 0, 0
2785, nova_structures:tavern_mangrove, HEADING, header:ignore, 0, 0, 0
2786, mvs:railway, HEADING, header:ignore, 0, 0, 0
2787, mvs:small_oak_lantern, HEADING, header:ignore, 0, 0, 0
2788, betternether:gardens, HEADING, header:ignore, 0, 0, 0
2789, qrafty:well, HEADING, header:ignore, 0, 0, 0
2790, bettermineshafts:mineshaft_spruce, HEADING, header:ignore, 0, 0, 0
2791, mns:grave_yard, HEADING, header:ignore, 0, 0, 0
2792, additionalstructures:end_crystal, HEADING, header:ignore, 0, 0, 0
2793, nova_structures:firewatch_tower_mangrove, HEADING, header:ignore, 0, 0, 0
2794, ctov:medium/village_taiga, HEADING, header:ignore, 0, 0, 0
2795, wabi_sabi_structures:hellish_orphanage, HEADING, header:ignore, 0, 0, 0
2796, additionalstructures:spruce_log_2, HEADING, header:ignore, 0, 0, 0
2797, formationsoverworld:ice_castle, HEADING, header:ignore, 0, 0, 0
2798, structory:taiga_ruin_surface, HEADING, header:ignore, 0, 0, 0
2799, mvs:mushroom_pond, HEADING, header:ignore, 0, 0, 0
2800, qrafty:buried_villager, HEADING, header:ignore, 0, 0, 0
2801, philipsruins:start_nether_ruin, HEADING, header:ignore, 0, 0, 0
2802, wabi_sabi_structures:effigy_patch_forest, HEADING, header:ignore, 0, 0, 0
2803, mvs:warped_house, HEADING, header:ignore, 0, 0, 0
2804, nova_structures:nether_skeleton_tower_warped, HEADING, header:ignore, 0, 0, 0
2805, mebahelcreaturesdwarven:raldbthar, HEADING, header:ignore, 0, 0, 0
2806, nova_structures:tavern_swamp, HEADING, header:ignore, 0, 0, 0
2807, nova_structures:tavern_birch, HEADING, header:ignore, 0, 0, 0
2808, nova_structures:ruin_town, HEADING, header:ignore, 0, 0, 0
2809, mebahelcreaturesdwarven:dwemer_tower, HEADING, header:ignore, 0, 0, 0
2810, mvs:well, HEADING, header:ignore, 0, 0, 0
2811, farmers_structures:quark_jungle, HEADING, header:ignore, 0, 0, 0
2812, additionalstructures:villager_statue_5, HEADING, header:ignore, 0, 0, 0
2813, wabi_sabi_structures:warped_ender_claw, HEADING, header:ignore, 0, 0, 0
2814, wabi_sabi_structures:warped_ender_claw, MONSTER, minecraft:enderman, 20, 1, 1
2815, additionalstructures:shulker_cluster_1, HEADING, header:ignore, 0, 0, 0
2816, wabi_sabi_structures:mossy_roof_shed, HEADING, header:ignore, 0, 0, 0
2817, ctov:large/village_swamp, HEADING, header:ignore, 0, 0, 0
2818, additionalstructures:end_pillar_ruin_1, HEADING, header:ignore, 0, 0, 0
2819, mns:large_nether_brick, HEADING, header:ignore, 0, 0, 0
2820, structory_towers:farmer_outpost, HEADING, header:ignore, 0, 0, 0
2821, medieval_buildings:house_1, HEADING, header:ignore, 0, 0, 0
2822, create_structures_arise:createdungeonbase, HEADING, header:ignore, 0, 0, 0
2823, wabi_sabi_structures:firewatch_tower, HEADING, header:ignore, 0, 0, 0
2824, qrafty:tsumago, HEADING, header:ignore, 0, 0, 0
2825, philipsruins:level_two_ruins_pool, HEADING, header:ignore, 0, 0, 0
2826, formationsoverworld:tiny_house, HEADING, header:ignore, 0, 0, 0
2827, mvs:oak_well, HEADING, header:ignore, 0, 0, 0
2828, ctov:large/village_underground, HEADING, header:ignore, 0, 0, 0
2829, formationsnether:campsite, HEADING, header:ignore, 0, 0, 0
2830, philipsruins:bone_dungeon, HEADING, header:ignore, 0, 0, 0
2831, philipsruins:bone_dungeon, MONSTER, minecraft:skeleton, 60, 2, 8
2832, philipsruins:bone_dungeon, MONSTER, minecraft:husk, 50, 5, 10
2833, formationsnether:large_pedestal, HEADING, header:ignore, 0, 0, 0
2834, bettermineshafts:mineshaft_red_desert, HEADING, header:ignore, 0, 0, 0
2835, imst:beehouse, HEADING, header:ignore, 0, 0, 0
2836, imst:beehouse, AMBIENT, minecraft:bee, 10, 1, 1
2837, mes:mega_ship_deepslate_2, HEADING, header:ignore, 0, 0, 0
2838, mes:mega_ship_deepslate_2, MONSTER, minecraft:shulker, 10, 2, 3
2839, mes:mega_ship_deepslate_2, MONSTER, minecraft:enderman, 20, 3, 5
2840, ctov:medium/village_christmas, HEADING, header:ignore, 0, 0, 0
2841, formationsnether:large_tree, HEADING, header:ignore, 0, 0, 0
2842, additionalstructures:meteor, HEADING, header:ignore, 0, 0, 0
2843, qrafty:tower, HEADING, header:ignore, 0, 0, 0
2844, mns:medium_warped_fungus_2, HEADING, header:ignore, 0, 0, 0
2845, formationsnether:ore_shard, HEADING, header:ignore, 0, 0, 0
2846, totw_additions:nether_tower, HEADING, header:ignore, 0, 0, 0
2847, formationsnether:large_house, HEADING, header:ignore, 0, 0, 0
2848, illagerinvasion:labyrinth, HEADING, header:ignore, 0, 0, 0
2849, wabi_sabi_structures:ice_shanty, HEADING, header:ignore, 0, 0, 0
2850, formationsnether:rib_cage, HEADING, header:ignore, 0, 0, 0
2851, betterend:giant_ice_star, HEADING, header:ignore, 0, 0, 0
2852, ctov:pillager_outpost_swamp, HEADING, header:ignore, 0, 0, 0
2853, ctov:pillager_outpost_swamp, MONSTER, minecraft:pillager, 10, 1, 1
2854, ctov:pillager_outpost_swamp, MONSTER, minecraft:evoker, 10, 1, 1
2855, ctov:pillager_outpost_swamp, MONSTER, minecraft:vindicator, 10, 1, 1
2856, ctov:pillager_outpost_swamp, MONSTER, minecraft:witch, 10, 1, 1
2857, betterend:painted_mountain, HEADING, header:ignore, 0, 0, 0
2858, qrafty:bunker, HEADING, header:ignore, 0, 0, 0
2859, wabi_sabi_structures:bee_farm_forest, HEADING, header:ignore, 0, 0, 0
2860, wabi_sabi_structures:river_boat, HEADING, header:ignore, 0, 0, 0
2861, qrafty:mangrove_watchtower, HEADING, header:ignore, 0, 0, 0
2862, cavernous:dungeon, HEADING, header:ignore, 0, 0, 0
2863, qrafty:overworld_leak, HEADING, header:ignore, 0, 0, 0
2864, additionalstructures:sandstone_totem_1, HEADING, header:ignore, 0, 0, 0
2865, additionalstructures:end_tower_4, HEADING, header:ignore, 0, 0, 0
2866, mvs:birch_well, HEADING, header:ignore, 0, 0, 0
2867, additionalstructures:wither_skull, HEADING, header:ignore, 0, 0, 0
2868, imst:flowerdome, HEADING, header:ignore, 0, 0, 0
2869, philipsruins:ancient_towers, HEADING, header:ignore, 0, 0, 0
2870, philipsruins:ancient_towers, MONSTER, minecraft:zombie, 12, 5, 20
2871, additionalstructures:jungle_tree_hole, HEADING, header:ignore, 0, 0, 0
2872, wabi_sabi_structures:water_tower_oak, HEADING, header:ignore, 0, 0, 0
2873, nova_structures:stray_fort, HEADING, header:ignore, 0, 0, 0
2874, nova_structures:stray_fort, MONSTER, minecraft:stray, 10, 1, 32
2875, watchtower_building:regular_tower, HEADING, header:ignore, 0, 0, 0
2876, ctov:pillager_outpost_mountain, HEADING, header:ignore, 0, 0, 0
2877, ctov:pillager_outpost_mountain, MONSTER, minecraft:pillager, 10, 1, 1
2878, ctov:pillager_outpost_mountain, MONSTER, minecraft:evoker, 10, 1, 1
2879, ctov:pillager_outpost_mountain, MONSTER, minecraft:vindicator, 10, 1, 1
2880, ctov:pillager_outpost_mountain, MONSTER, minecraft:witch, 10, 1, 1
2881, additionalstructures:cobblestone_rock_3, HEADING, header:ignore, 0, 0, 0
2882, imst:lumberjack/dark_oak_hut, HEADING, header:ignore, 0, 0, 0
2883, additionalstructures:illager_house_1, HEADING, header:ignore, 0, 0, 0
2884, additionalstructures:ice_floes_4, HEADING, header:ignore, 0, 0, 0
2885, grim_kingdoms:frozen_onion_fort, HEADING, header:ignore, 0, 0, 0
2886, mvs:campsite, HEADING, header:ignore, 0, 0, 0
2887, mvs:villager_statue, HEADING, header:ignore, 0, 0, 0
2888, red:statue, HEADING, header:ignore, 0, 0, 0
2889, mvs:small_copper_well, HEADING, header:ignore, 0, 0, 0
2890, luistercorp:ice_castle, HEADING, header:ignore, 0, 0, 0
2891, mvs:pile, HEADING, header:ignore, 0, 0, 0
2892, nova_structures:nether_skeleton_tower_soul, HEADING, header:ignore, 0, 0, 0
2893, mns:ruined_portal, HEADING, header:ignore, 0, 0, 0
2894, mvs:end_well, HEADING, header:ignore, 0, 0, 0
2895, explorify:guide_post_warm, HEADING, header:ignore, 0, 0, 0
2896, qrafty:hobbit_hole, HEADING, header:ignore, 0, 0, 0
2897, red:sphinx, HEADING, header:ignore, 0, 0, 0
2898, mvs:haystack, HEADING, header:ignore, 0, 0, 0
2899, create_structures_arise:darkcastle, HEADING, header:ignore, 0, 0, 0
2900, mvs:end_scraps_1, HEADING, header:ignore, 0, 0, 0
2901, additionalstructures:obsidian_spike_3, HEADING, header:ignore, 0, 0, 0
2902, mvs:barn, HEADING, header:ignore, 0, 0, 0
2903, ctov:small/village_mesa_fortified, HEADING, header:ignore, 0, 0, 0
2904, nova_structures:donjon, HEADING, header:ignore, 0, 0, 0
2905, nova_structures:skeleton_camp_soul, HEADING, header:ignore, 0, 0, 0
2906, minecraft:stronghold, HEADING, header:ignore, 0, 0, 0
2907, formationsnether:small_lava_shrine, HEADING, header:ignore, 0, 0, 0
2908, nova_structures:firewatch_tower_dark_oak, HEADING, header:ignore, 0, 0, 0
2909, additionalstructures:end_pillar_ruin_2, HEADING, header:ignore, 0, 0, 0
2910, awesomedungeon:the_ztower, HEADING, header:ignore, 0, 0, 0
2911, nova_structures:jungle_ruins, HEADING, header:ignore, 0, 0, 0
2912, qrafty:plains, HEADING, header:ignore, 0, 0, 0
2913, additionalstructures:fossil_1, HEADING, header:ignore, 0, 0, 0
2914, qrafty:enchanter, HEADING, header:ignore, 0, 0, 0
2915, pirates:wreck0, HEADING, header:ignore, 0, 0, 0
2916, additionalstructures:fallen_spruce_tree_1, HEADING, header:ignore, 0, 0, 0
2917, create_structures_arise:createhouse, HEADING, header:ignore, 0, 0, 0
2918, wabi_sabi_structures:lighthouse, HEADING, header:ignore, 0, 0, 0
2919, explorify:dark_forest_settlement, HEADING, header:ignore, 0, 0, 0
2920, mns:bridge_5, HEADING, header:ignore, 0, 0, 0
2921, red:flower_oracle, HEADING, header:ignore, 0, 0, 0
2922, mvs:oak_log_pile, HEADING, header:ignore, 0, 0, 0
2923, mvs:snowy_fossil, HEADING, header:ignore, 0, 0, 0
2924, additionalstructures:damaged_mushroom_1, HEADING, header:ignore, 0, 0, 0
2925, mvs:crimson_enchanting_table, HEADING, header:ignore, 0, 0, 0
2926, mvs:tree_monument, HEADING, header:ignore, 0, 0, 0
2927, mvs:castle_ruins, HEADING, header:ignore, 0, 0, 0
2928, additionalstructures:palm_3, HEADING, header:ignore, 0, 0, 0
2929, wabi_sabi_structures:muddy_badlands_well, HEADING, header:ignore, 0, 0, 0
2930, mvs:wooden_wheat_farm, HEADING, header:ignore, 0, 0, 0
2931, additionalstructures:nether_spawn_altar_1, HEADING, header:ignore, 0, 0, 0
2932, mvs:small_acacia_lantern, HEADING, header:ignore, 0, 0, 0
2933, additionalstructures:end_wall_ruin_2, HEADING, header:ignore, 0, 0, 0
2934, mvs:small_tower_well, HEADING, header:ignore, 0, 0, 0
2935, structory:jungle_ruin, HEADING, header:ignore, 0, 0, 0
2936, structory:jungle_ruin, MONSTER, minecraft:creeper, 10, 4, 4
2937, ctov:pillager_outpost_dark_forest, HEADING, header:ignore, 0, 0, 0
2938, ctov:pillager_outpost_dark_forest, MONSTER, minecraft:pillager, 10, 1, 1
2939, ctov:pillager_outpost_dark_forest, MONSTER, minecraft:evoker, 10, 1, 1
2940, ctov:pillager_outpost_dark_forest, MONSTER, minecraft:vindicator, 10, 1, 1
2941, ctov:pillager_outpost_dark_forest, MONSTER, minecraft:witch, 10, 1, 1
2942, additionalstructures:scarecrow, HEADING, header:ignore, 0, 0, 0
2943, additionalstructures:end_building_1, HEADING, header:ignore, 0, 0, 0
2944, qrafty:maya, HEADING, header:ignore, 0, 0, 0
2945, additionalstructures:villager_house_2, HEADING, header:ignore, 0, 0, 0
2946, mebahelcreaturesdraugr:draugr_fort, HEADING, header:ignore, 0, 0, 0
2947, eugene:witch_wagon, HEADING, header:ignore, 0, 0, 0
2948, wabi_sabi_structures:mossy_roof_house, HEADING, header:ignore, 0, 0, 0
2949, betterdungeons:skeleton_dungeon, HEADING, header:ignore, 0, 0, 0
2950, betterdungeons:skeleton_dungeon, MONSTER, minecraft:skeleton, 80, 4, 15
2951, ctov:large/village_mesa, HEADING, header:ignore, 0, 0, 0
2952, additionalstructures:pyramid_dungeon, HEADING, header:ignore, 0, 0, 0
2953, structory_towers:pillager_lookout, HEADING, header:ignore, 0, 0, 0
2954, structory_towers:pillager_lookout, MONSTER, minecraft:pillager, 10, 1, 1
2955, iceandfire:lightning_dragon_roost, HEADING, header:ignore, 0, 0, 0
2956, mvs:statue_ruins, HEADING, header:ignore, 0, 0, 0
2957, qrafty:dirt_hut, HEADING, header:ignore, 0, 0, 0
2958, meadow:bench, HEADING, header:ignore, 0, 0, 0
2959, meadow:bench, CREATURE, minecraft:pig, 10, 1, 4
2960, luistercorp:ice_water_well, HEADING, header:ignore, 0, 0, 0
2961, grim_kingdoms:winterhold_citadel, HEADING, header:ignore, 0, 0, 0
2962, lios_outlandish_villages:hobbit_village, HEADING, header:ignore, 0, 0, 0
2963, illagerinvasion:sorcerer_hut, HEADING, header:ignore, 0, 0, 0
2964, aquamirae:ship, HEADING, header:ignore, 0, 0, 0
2965, aquamirae:ship, MONSTER, minecraft:pillager, 10, 1, 2
2966, aquamirae:ship, MONSTER, minecraft:vindicator, 50, 1, 1
2967, ctov:pillager_outpost_snowy, HEADING, header:ignore, 0, 0, 0
2968, ctov:pillager_outpost_snowy, MONSTER, minecraft:pillager, 10, 1, 1
2969, ctov:pillager_outpost_snowy, MONSTER, minecraft:evoker, 10, 1, 1
2970, ctov:pillager_outpost_snowy, MONSTER, minecraft:vindicator, 10, 1, 1
2971, ctov:pillager_outpost_snowy, MONSTER, minecraft:witch, 10, 1, 1
2972, totw_modded:regular, HEADING, header:ignore, 0, 0, 0
2973, forsaken:homes/oak, HEADING, header:ignore, 0, 0, 0
2974, structory:abandoned_camp, HEADING, header:ignore, 0, 0, 0
2975, additionalstructures:tower_1, HEADING, header:ignore, 0, 0, 0
2976, bloomingnature:swamp_ruin_3, HEADING, header:ignore, 0, 0, 0
2977, bloomingnature:swamp_ruin_3, CREATURE, minecraft:witch, 10, 1, 4
2978, grim_kingdoms:chill_hallmanor, HEADING, header:ignore, 0, 0, 0
2979, ctov:small/village_taiga, HEADING, header:ignore, 0, 0, 0
2980, totw_additions:end_tower, HEADING, header:ignore, 0, 0, 0
2981, mvs:end_scraps_3, HEADING, header:ignore, 0, 0, 0
2982, additionalstructures:pillar_ruin_1, HEADING, header:ignore, 0, 0, 0
2983, minecraft:trail_ruins, HEADING, header:ignore, 0, 0, 0
2984, betterdungeons:spider_dungeon, HEADING, header:ignore, 0, 0, 0
2985, betterdungeons:spider_dungeon, MONSTER, minecraft:spider, 80, 4, 15
2986, betterdungeons:spider_dungeon, MONSTER, minecraft:cave_spider, 50, 4, 8
2987, bloomingnature:tree_stump, HEADING, header:ignore, 0, 0, 0
2988, wabi_sabi_structures:monster_egg_banquet, HEADING, header:ignore, 0, 0, 0
2989, wabi_sabi_structures:monster_egg_banquet, MONSTER, minecraft:silverfish, 20, 1, 6
2990, medievalend:castle, HEADING, header:ignore, 0, 0, 0
2991, red:big_oracle, HEADING, header:ignore, 0, 0, 0
2992, mvs:large_cart_1, HEADING, header:ignore, 0, 0, 0
2993, mns:lava_pool, HEADING, header:ignore, 0, 0, 0
2994, mvs:beach_bar, HEADING, header:ignore, 0, 0, 0
2995, explorify:ruins, HEADING, header:ignore, 0, 0, 0
2996, qrafty:jungle_treehouse, HEADING, header:ignore, 0, 0, 0
2997, grim_kingdoms:blackridge_watch, HEADING, header:ignore, 0, 0, 0
2998, additionalstructures:temple_2, HEADING, header:ignore, 0, 0, 0
2999, awesomedungeon:abandoned_oak_palace, HEADING, header:ignore, 0, 0, 0
3000, additionalstructures:suspicious_sand_patch_3, HEADING, header:ignore, 0, 0, 0
3001, wabi_sabi_structures:bat_monolith, HEADING, header:ignore, 0, 0, 0
3002, wabi_sabi_structures:bat_monolith, MONSTER, minecraft:bat, 40, 1, 8
3003, mvs:dead_tree_jungle, HEADING, header:ignore, 0, 0, 0
3004, additionalstructures:bush_4, HEADING, header:ignore, 0, 0, 0
3005, meadow:logging_camp, HEADING, header:ignore, 0, 0, 0
3006, meadow:logging_camp, CREATURE, minecraft:pig, 10, 1, 4
3007, awesomedungeon:the_usine, HEADING, header:ignore, 0, 0, 0
3008, medieval_nether:ship, HEADING, header:ignore, 0, 0, 0
3009, wabi_sabi_structures:basalt_castle, HEADING, header:ignore, 0, 0, 0
3010, additionalstructures:acacia_log, HEADING, header:ignore, 0, 0, 0
3011, nova_structures:firewatch_tower_jungle, HEADING, header:ignore, 0, 0, 0
3012, additionalstructures:silverfish_cluster_1, HEADING, header:ignore, 0, 0, 0
3013, additionalstructures:cobblestone_rock_1, HEADING, header:ignore, 0, 0, 0
3014, ctov:small/village_taiga_fortified, HEADING, header:ignore, 0, 0, 0
3015, wabi_sabi_structures:old_stable, HEADING, header:ignore, 0, 0, 0
3016, mvs:ruined_beacon, HEADING, header:ignore, 0, 0, 0
3017, awesomedungeon:swamp_big_temple, HEADING, header:ignore, 0, 0, 0
3018, forsaken:homes/snowy, HEADING, header:ignore, 0, 0, 0
3019, mes:astral_meteorite, HEADING, header:ignore, 0, 0, 0
3020, ctov:large/village_desert, HEADING, header:ignore, 0, 0, 0
3021, ctov:medium/village_mountain, HEADING, header:ignore, 0, 0, 0
3022, mvs:paths, HEADING, header:ignore, 0, 0, 0
3023, minecraft:igloo, HEADING, header:ignore, 0, 0, 0
3024, additionalstructures:suspicious_sand_patch_2, HEADING, header:ignore, 0, 0, 0
3025, nova_structures:creeping_crypt, HEADING, header:ignore, 0, 0, 0
3026, additionalstructures:obsidian_pillar_5, HEADING, header:ignore, 0, 0, 0
3027, betternether:nether_city, HEADING, header:ignore, 0, 0, 0
3028, additionalstructures:ice_floes_3, HEADING, header:ignore, 0, 0, 0
3029, additionalstructures:lava_fountain, HEADING, header:ignore, 0, 0, 0
3030, additionalstructures:bush_1, HEADING, header:ignore, 0, 0, 0
3031, grim_kingdoms:shardspire_castle, HEADING, header:ignore, 0, 0, 0
3032, ctov:large/village_plains, HEADING, header:ignore, 0, 0, 0
3033, forsaken:wells/pump/mud, HEADING, header:ignore, 0, 0, 0
3034, structory:old_manor, HEADING, header:ignore, 0, 0, 0
3035, additionalstructures:nether_dungeon_3, HEADING, header:ignore, 0, 0, 0
3036, nova_structures:skeleton_camp_warped, HEADING, header:ignore, 0, 0, 0
3037, formationsoverworld:stone_tower, HEADING, header:ignore, 0, 0, 0
3038, mns:very_small_nether_brick_2, HEADING, header:ignore, 0, 0, 0
3039, betterend:megalake, HEADING, header:ignore, 0, 0, 0
3040, structory_towers:great_toadstool, HEADING, header:ignore, 0, 0, 0
3041, create_structures_arise:createwindmill, HEADING, header:ignore, 0, 0, 0
3042, betternether:pillars, HEADING, header:ignore, 0, 0, 0
3043, additionalstructures:ice_floes_1, HEADING, header:ignore, 0, 0, 0
3044, mvs:dead_tree_cherry, HEADING, header:ignore, 0, 0, 0
3045, nova_structures:tavern_jungle, HEADING, header:ignore, 0, 0, 0
3046, awesomedungeonnether:nth_center_square, HEADING, header:ignore, 0, 0, 0
3047, meadow:observation_post, HEADING, header:ignore, 0, 0, 0
3048, meadow:observation_post, CREATURE, minecraft:pig, 10, 1, 4
3049, additionalstructures:nether_dungeon_1, HEADING, header:ignore, 0, 0, 0
3050, structory_towers:nether/warped_outpost, HEADING, header:ignore, 0, 0, 0
3051, additionalstructures:snow_pile_3, HEADING, header:ignore, 0, 0, 0
3052, mvs:boulder, HEADING, header:ignore, 0, 0, 0
3053, minecraft:swamp_hut, HEADING, header:ignore, 0, 0, 0
3054, minecraft:swamp_hut, MONSTER, minecraft:witch, 10, 1, 1
3055, minecraft:swamp_hut, CREATURE, minecraft:cat, 10, 1, 1
3056, medievalend:pyramid, HEADING, header:ignore, 0, 0, 0
3057, additionalstructures:oasis_2, HEADING, header:ignore, 0, 0, 0
3058, mns:warped_pool, HEADING, header:ignore, 0, 0, 0
3059, additionalstructures:oasis_1, HEADING, header:ignore, 0, 0, 0
3060, additionalstructures:fallen_dead_tree_1, HEADING, header:ignore, 0, 0, 0
3061, philipsruins:sealedruinedghaststatue1, HEADING, header:ignore, 0, 0, 0
3062, mvs:small_birch_lantern, HEADING, header:ignore, 0, 0, 0
3063, structory_towers:overgrown_mangrove, HEADING, header:ignore, 0, 0, 0
3064, mvs:acacia_well, HEADING, header:ignore, 0, 0, 0
3065, mvs:small_igloo, HEADING, header:ignore, 0, 0, 0
3066, formationsoverworld:tower_remnant, HEADING, header:ignore, 0, 0, 0
3067, qrafty:exogino, HEADING, header:ignore, 0, 0, 0
3068, create_structures_arise:createcushercrane, HEADING, header:ignore, 0, 0, 0
3069, farmers_structures:aether, HEADING, header:ignore, 0, 0, 0
3070, philipsruins:nether_lava_ruins, HEADING, header:ignore, 0, 0, 0
3071, additionalstructures:big_jungle_log, HEADING, header:ignore, 0, 0, 0
3072, mvs:duck, HEADING, header:ignore, 0, 0, 0
3073, tlc:lost_castle, HEADING, header:ignore, 0, 0, 0
3074, formationsnether:basalt_hut, HEADING, header:ignore, 0, 0, 0
3075, farmers_structures:cook_moss, HEADING, header:ignore, 0, 0, 0
3076, wabi_sabi_structures:forgotten_remnants, HEADING, header:ignore, 0, 0, 0
3077, dungeonz:dark_dungeon_structure, HEADING, header:ignore, 0, 0, 0
3078, qrafty:archeology_taiga, HEADING, header:ignore, 0, 0, 0
3079, philipsruins:pumpkin_ruins, HEADING, header:ignore, 0, 0, 0
3080, philipsruins:pumpkin_ruins, MONSTER, minecraft:skeleton, 10, 2, 10
3081, philipsruins:pumpkin_ruins, MONSTER, minecraft:zombie, 12, 5, 12
3082, betterwitchhuts:witch_hut, HEADING, header:ignore, 0, 0, 0
3083, betterwitchhuts:witch_hut, MONSTER, minecraft:witch, 10, 1, 1
3084, betterwitchhuts:witch_hut, CREATURE, minecraft:cat, 10, 1, 1
3085, imst:lumberjack/acacia_hut, HEADING, header:ignore, 0, 0, 0
3086, red:swamp_pillager_mangrove, HEADING, header:ignore, 0, 0, 0
3087, nova_structures:illager_manor, HEADING, header:ignore, 0, 0, 0
3088, ctov:medium/village_underground, HEADING, header:ignore, 0, 0, 0
3089, forsaken:homes/western, HEADING, header:ignore, 0, 0, 0
3090, forsaken:homes/mud, HEADING, header:ignore, 0, 0, 0
3091, wabi_sabi_structures:sphinx_hidey_hole_sandy, HEADING, header:ignore, 0, 0, 0
3092, philipsruins:sculk_dungeon, HEADING, header:ignore, 0, 0, 0
3093, formationsoverworld:hobbit_hole, HEADING, header:ignore, 0, 0, 0
3094, additionalstructures:palm_1, HEADING, header:ignore, 0, 0, 0
3095, formationsoverworld:meteor, HEADING, header:ignore, 0, 0, 0
3096, wabi_sabi_structures:candlemaker_house, HEADING, header:ignore, 0, 0, 0
3097, additionalstructures:well_1, HEADING, header:ignore, 0, 0, 0
3098, iceandfire:ice_dragon_roost, HEADING, header:ignore, 0, 0, 0
3099, additionalstructures:dragon_fossil_1, HEADING, header:ignore, 0, 0, 0
3100, additionalstructures:stone_rock_3, HEADING, header:ignore, 0, 0, 0
3101, mvs:spruce_log_pile, HEADING, header:ignore, 0, 0, 0
3102, philipsruins:end_gate_fortress, HEADING, header:ignore, 0, 0, 0
3103, philipsruins:end_gate_fortress, MONSTER, minecraft:enderman, 15, 5, 15
3104, minecraft:jungle_pyramid, HEADING, header:ignore, 0, 0, 0
3105, philipsruins:field_stone_ruins_rocks, HEADING, header:ignore, 0, 0, 0
3106, awesomedungeonend:end_palace, HEADING, header:ignore, 0, 0, 0
3107, bloomingnature:cave, HEADING, header:ignore, 0, 0, 0
3108, bloomingnature:cave, CREATURE, minecraft:witch, 10, 1, 4
3109, ctov:pillager_outpost_plains, HEADING, header:ignore, 0, 0, 0
3110, ctov:pillager_outpost_plains, MONSTER, minecraft:pillager, 10, 1, 1
3111, ctov:pillager_outpost_plains, MONSTER, minecraft:evoker, 10, 1, 1
3112, ctov:pillager_outpost_plains, MONSTER, minecraft:vindicator, 10, 1, 1
3113, ctov:pillager_outpost_plains, MONSTER, minecraft:witch, 10, 1, 1
3114, minecraft:ruined_portal_nether, HEADING, header:ignore, 0, 0, 0
3115, bloomingnature:swamp_ruin_2, HEADING, header:ignore, 0, 0, 0
3116, bloomingnature:swamp_ruin_2, CREATURE, minecraft:witch, 10, 1, 4
3117, totw_modded:everdawn, HEADING, header:ignore, 0, 0, 0
3118, philipsruins:badlands_structures, HEADING, header:ignore, 0, 0, 0
3119, mvs:snowy_dog_hut, HEADING, header:ignore, 0, 0, 0
3120, mes:mega_ship_crashed_2, HEADING, header:ignore, 0, 0, 0
3121, mes:mega_ship_crashed_2, MONSTER, minecraft:shulker, 10, 2, 3
3122, mvs:red_tower, HEADING, header:ignore, 0, 0, 0
3123, totw_modded:ice, HEADING, header:ignore, 0, 0, 0
3124, wabi_sabi_structures:spruce_berry_farm, HEADING, header:ignore, 0, 0, 0
3125, totw_modded:everbright, HEADING, header:ignore, 0, 0, 0
3126, mes:ruined_pillar, HEADING, header:ignore, 0, 0, 0
3127, philipsruins:field_stone_ruins, HEADING, header:ignore, 0, 0, 0
3128, philipsruins:field_stone_ruins, MONSTER, minecraft:skeleton, 10, 2, 10
3129, philipsruins:field_stone_ruins, MONSTER, minecraft:zombie, 12, 5, 12
3130, additionalstructures:pyramid_1, HEADING, header:ignore, 0, 0, 0
3131, nova_structures:illager_hideout, HEADING, header:ignore, 0, 0, 0
3132, nullscape:dragon_skeleton, HEADING, header:ignore, 0, 0, 0
3133, mvs:small_dark_oak_lantern, HEADING, header:ignore, 0, 0, 0
3134, mns:medium_crimson_fungus, HEADING, header:ignore, 0, 0, 0
3135, mvs:small_ruin, HEADING, header:ignore, 0, 0, 0
3136, ctov:large/village_desert_oasis, HEADING, header:ignore, 0, 0, 0
3137, mns:bridge_4, HEADING, header:ignore, 0, 0, 0
3138, additionalstructures:fallen_spruce_tree_2, HEADING, header:ignore, 0, 0, 0
3139, awesomedungeonend:end_pill, HEADING, header:ignore, 0, 0, 0
3140, cavernous:overgrown_temple, HEADING, header:ignore, 0, 0, 0
3141, mes:manuscript_shrine, HEADING, header:ignore, 0, 0, 0
3142, supplementaries:way_sign, HEADING, header:ignore, 0, 0, 0
3143, mvs:jungle_palm_tree, HEADING, header:ignore, 0, 0, 0
3144, ctov:large/village_swamp_fortified, HEADING, header:ignore, 0, 0, 0
3145, aquamirae:shelter, HEADING, header:ignore, 0, 0, 0
3146, minecraft:village_savanna, HEADING, header:ignore, 0, 0, 0
3147, formationsoverworld:raft, HEADING, header:ignore, 0, 0, 0
3148, mns:nether_wart_farm, HEADING, header:ignore, 0, 0, 0
3149, forsaken:homes/bricks, HEADING, header:ignore, 0, 0, 0
3150, imst:airship, HEADING, header:ignore, 0, 0, 0
3151, imst:airship, MONSTER, minecraft:pillager, 10, 1, 1
3152, wabi_sabi_structures:sphinx_hidey_hole_icy, HEADING, header:ignore, 0, 0, 0
3153, additionalstructures:oak_log_1, HEADING, header:ignore, 0, 0, 0
3154, create_structures_arise:deadlordshouse, HEADING, header:ignore, 0, 0, 0
3155, philipsruins:ocean_ruins, HEADING, header:ignore, 0, 0, 0
3156, create_structures_arise:createlosttrainstation, HEADING, header:ignore, 0, 0, 0
3157, mvs:desert_house, HEADING, header:ignore, 0, 0, 0
3158, mvs:small_well, HEADING, header:ignore, 0, 0, 0
3159, additionalstructures:camp_1, HEADING, header:ignore, 0, 0, 0
3160, additionalstructures:nether_wall_ruin_3, HEADING, header:ignore, 0, 0, 0
3161, lying_skeletons:wither_skeleton, HEADING, header:ignore, 0, 0, 0
3162, lying_skeletons:wither_skeleton, CREATURE, minecraft:vex, 10, 1, 2
3163, mes:phantom_citadel, HEADING, header:ignore, 0, 0, 0
3164, mvs:dead_tree_birch, HEADING, header:ignore, 0, 0, 0
3165, mvs:small_jungle_lantern, HEADING, header:ignore, 0, 0, 0
3166, aquamirae:outpost, HEADING, header:ignore, 0, 0, 0
3167, aquamirae:outpost, MONSTER, minecraft:pillager, 10, 1, 2
3168, aquamirae:outpost, MONSTER, minecraft:vindicator, 50, 1, 1
3169, imst:cactus_farm, HEADING, header:ignore, 0, 0, 0
3170, forsaken:wells/rustic/spruce, HEADING, header:ignore, 0, 0, 0
3171, meadow:chapel, HEADING, header:ignore, 0, 0, 0
3172, wabi_sabi_structures:old_fort, HEADING, header:ignore, 0, 0, 0
3173, nova_structures:well_oak, HEADING, header:ignore, 0, 0, 0
3174, mvs:jungle_well, HEADING, header:ignore, 0, 0, 0
3175, betterend:giant_mossy_glowshroom, HEADING, header:ignore, 0, 0, 0
3176, additionalstructures:spider_nest_1, HEADING, header:ignore, 0, 0, 0
3177, additionalstructures:spider_nest_1, MONSTER, minecraft:cave_spider, 10, 2, 4
3178, nova_structures:firewatch_tower_savanna, HEADING, header:ignore, 0, 0, 0
3179, additionalstructures:nether_dungeon_2, HEADING, header:ignore, 0, 0, 0
3180, nova_structures:well_spruce, HEADING, header:ignore, 0, 0, 0
3181, mns:medium_blackstone, HEADING, header:ignore, 0, 0, 0
3182, ctov:large/village_mushroom, HEADING, header:ignore, 0, 0, 0
3183, minecraft:mineshaft, HEADING, header:ignore, 0, 0, 0
3184, create_structures_arise:createcontainer, HEADING, header:ignore, 0, 0, 0
3185, bettermineshafts:mineshaft_dripstone, HEADING, header:ignore, 0, 0, 0
3186, philipsruins:desert_structures, HEADING, header:ignore, 0, 0, 0
3187, philipsruins:desert_structures, MONSTER, minecraft:husk, 15, 5, 15
3188, forsaken:wells/washhouse, HEADING, header:ignore, 0, 0, 0
3189, mmv:village_swamp, HEADING, header:ignore, 0, 0, 0
3190, ctov:small/village_plains, HEADING, header:ignore, 0, 0, 0
3191, minecraft:ruined_portal_desert, HEADING, header:ignore, 0, 0, 0
3192, grim_kingdoms:glimmervault_fortress, HEADING, header:ignore, 0, 0, 0
3193, mes:enderbloom_grove, HEADING, header:ignore, 0, 0, 0
3194, mvs:lamp_chest, HEADING, header:ignore, 0, 0, 0
3195, nova_structures:firewatch_tower_forest, HEADING, header:ignore, 0, 0, 0
3196, farmers_structures:cook_nether_1, HEADING, header:ignore, 0, 0, 0
3197, formationsoverworld:offering, HEADING, header:ignore, 0, 0, 0
3198, ctov:large/village_jungle, HEADING, header:ignore, 0, 0, 0
3199, wabi_sabi_structures:pumpkin_patch, HEADING, header:ignore, 0, 0, 0
3200, create_structures_arise:pillagersteampunkairship, HEADING, header:ignore, 0, 0, 0
3201, additionalstructures:flotsam_1, HEADING, header:ignore, 0, 0, 0
3202, grim_kingdoms:decrown_monolith, HEADING, header:ignore, 0, 0, 0
3203, red:swamp_pillager, HEADING, header:ignore, 0, 0, 0
3204, bosses_of_mass_destruction:gauntlet_arena, HEADING, header:ignore, 0, 0, 0
3205, nova_structures:undead_crypt, HEADING, header:ignore, 0, 0, 0
3206, minecraft:pillager_outpost, HEADING, header:ignore, 0, 0, 0
3207, minecraft:pillager_outpost, MONSTER, minecraft:pillager, 10, 1, 1
3208, additionalstructures:standing_jungle_log, HEADING, header:ignore, 0, 0, 0
3209, mvs:mushroom_well, HEADING, header:ignore, 0, 0, 0
3210, red:beach_house, HEADING, header:ignore, 0, 0, 0
3211, ctov:small/village_dark_forest, HEADING, header:ignore, 0, 0, 0
3212, formationsoverworld:bamboo_hut, HEADING, header:ignore, 0, 0, 0
3213, nova_structures:nether_skeleton_tower_crimson, HEADING, header:ignore, 0, 0, 0
3214, wabi_sabi_structures:moss_blob, HEADING, header:ignore, 0, 0, 0
3215, qrafty:archeology_desert, HEADING, header:ignore, 0, 0, 0
3216, additionalstructures:flotsam_5, HEADING, header:ignore, 0, 0, 0
3217, watchtower_building:abandoned_tower, HEADING, header:ignore, 0, 0, 0
3218, additionalstructures:spawn_altar_3, HEADING, header:ignore, 0, 0, 0
3219, philipsruins:underground_structures, HEADING, header:ignore, 0, 0, 0
3220, philipsruins:underground_structures, MONSTER, minecraft:wither_skeleton, 10, 1, 5
3221, additionalstructures:spider_nest_2, HEADING, header:ignore, 0, 0, 0
3222, additionalstructures:spider_nest_2, MONSTER, minecraft:cave_spider, 10, 2, 4
3223, awesomedungeon:witch_castle, HEADING, header:ignore, 0, 0, 0
3224, wabi_sabi_structures:tall_birch_house, HEADING, header:ignore, 0, 0, 0
3225, mns:circle_nether_brick, HEADING, header:ignore, 0, 0, 0
3226, nova_structures:hamlet, HEADING, header:ignore, 0, 0, 0
3227, totw_modded:tw_mangrove, HEADING, header:ignore, 0, 0, 0
3228, ctov:large/village_snowy_igloo, HEADING, header:ignore, 0, 0, 0
3229, wabi_sabi_structures:hide_tannery_cherry, HEADING, header:ignore, 0, 0, 0
3230, wabi_sabi_structures:bee_farm_cherry, HEADING, header:ignore, 0, 0, 0
3231, meadow:chalet, HEADING, header:ignore, 0, 0, 0
3232, formationsnether:nether_wart_field, HEADING, header:ignore, 0, 0, 0
3233, formationsoverworld:wagon, HEADING, header:ignore, 0, 0, 0
3234, betterstrongholds:stronghold, HEADING, header:ignore, 0, 0, 0
3235, explorify:guide_post_cold, HEADING, header:ignore, 0, 0, 0
3236, additionalstructures:flotsam_3, HEADING, header:ignore, 0, 0, 0
3237, wabi_sabi_structures:water_tower_forest, HEADING, header:ignore, 0, 0, 0
3238, additionalstructures:obsidian_tree_3, HEADING, header:ignore, 0, 0, 0
3239, ctov:medium/village_jungle_tree, HEADING, header:ignore, 0, 0, 0
3240, qrafty:orbital, HEADING, header:ignore, 0, 0, 0
3241, mvs:small_spruce_lantern, HEADING, header:ignore, 0, 0, 0
3242, wabi_sabi_structures:wheat_patch, HEADING, header:ignore, 0, 0, 0
3243, additionalstructures:cactus_2, HEADING, header:ignore, 0, 0, 0
3244, mvs:small_pillager_tower, HEADING, header:ignore, 0, 0, 0
3245, red:forest_deforestation, HEADING, header:ignore, 0, 0, 0
3246, formationsoverworld:graveyard, HEADING, header:ignore, 0, 0, 0
3247, red:jungle_deforestation, HEADING, header:ignore, 0, 0, 0
3248, ctov:pillager_outpost_badlands, HEADING, header:ignore, 0, 0, 0
3249, ctov:pillager_outpost_badlands, MONSTER, minecraft:pillager, 10, 1, 1
3250, ctov:pillager_outpost_badlands, MONSTER, minecraft:evoker, 10, 1, 1
3251, ctov:pillager_outpost_badlands, MONSTER, minecraft:vindicator, 10, 1, 1
3252, ctov:pillager_outpost_badlands, MONSTER, minecraft:witch, 10, 1, 1
3253, phantasm:acidburnt_ruin, HEADING, header:ignore, 0, 0, 0
3254, additionalstructures:mushroom_house_1, HEADING, header:ignore, 0, 0, 0
3255, qrafty:farm, HEADING, header:ignore, 0, 0, 0
3256, imst:desert_well, HEADING, header:ignore, 0, 0, 0
3257, wabi_sabi_structures:llama_sanctuary_hills, HEADING, header:ignore, 0, 0, 0
3258, ctov:medium/village_plains, HEADING, header:ignore, 0, 0, 0
3259, mvs:medium_igloo_1, HEADING, header:ignore, 0, 0, 0
3260, formationsnether:respawn_anchor_altar, HEADING, header:ignore, 0, 0, 0
3261, wabi_sabi_structures:birch_mushroom_cave, HEADING, header:ignore, 0, 0, 0
3262, mvs:large_mushroom, HEADING, header:ignore, 0, 0, 0
3263, additionalstructures:end_tower_1, HEADING, header:ignore, 0, 0, 0
3264, additionalstructures:stone_rock_4, HEADING, header:ignore, 0, 0, 0
3265, medieval_buildings:fort, HEADING, header:ignore, 0, 0, 0
3266, nova_structures:nether_keep, HEADING, header:ignore, 0, 0, 0
3267, nova_structures:nether_keep, MONSTER, minecraft:blaze, 10, 2, 3
3268, nova_structures:nether_keep, MONSTER, minecraft:zombified_piglin, 50, 4, 4
3269, nova_structures:nether_keep, MONSTER, minecraft:wither_skeleton, 10, 5, 5
3270, nova_structures:nether_keep, MONSTER, minecraft:skeleton, 20, 5, 5
3271, nova_structures:nether_keep, MONSTER, minecraft:magma_cube, 30, 4, 4
3272, additionalstructures:villager_statue_4, HEADING, header:ignore, 0, 0, 0
3273, ctov:medium/village_savanna, HEADING, header:ignore, 0, 0, 0
3274, mvs:stone_rock, HEADING, header:ignore, 0, 0, 0
3275, mns:bridge_2, HEADING, header:ignore, 0, 0, 0
3276, mvs:orange_stall, HEADING, header:ignore, 0, 0, 0
3277, formationsoverworld:mesoamerican_temple, HEADING, header:ignore, 0, 0, 0
3278, additionalstructures:dragon_fossil_2, HEADING, header:ignore, 0, 0, 0
3279, bettermineshafts:mineshaft_desert, HEADING, header:ignore, 0, 0, 0
3280, qrafty:jungle_treevillage, HEADING, header:ignore, 0, 0, 0
3281, mvs:cart, HEADING, header:ignore, 0, 0, 0
3282, pirates_eureka:ship, HEADING, header:ignore, 0, 0, 0
3283, minecraft:ruined_portal_mountain, HEADING, header:ignore, 0, 0, 0
3284, mvs:dead_tree_mangrove, HEADING, header:ignore, 0, 0, 0
3285, ctov:medium/village_snowy_igloo, HEADING, header:ignore, 0, 0, 0
3286, additionalstructures:wall_ruin_1, HEADING, header:ignore, 0, 0, 0
3287, aquamirae:ice_maze/spiral, HEADING, header:ignore, 0, 0, 0
3288, aquamirae:ice_maze/spiral, MONSTER, aquamirae:maw, 50, 2, 6
3289, bettermineshafts:mineshaft_lush, HEADING, header:ignore, 0, 0, 0
3290, imst:berry_house, HEADING, header:ignore, 0, 0, 0
3291, wabi_sabi_structures:effigy_patch_savanna, HEADING, header:ignore, 0, 0, 0
3292, create_structures_arise:createfluidtank, HEADING, header:ignore, 0, 0, 0
3293, bettermineshafts:mineshaft_jungle, HEADING, header:ignore, 0, 0, 0
3294, additionalstructures:red_sandstone_totem_2, HEADING, header:ignore, 0, 0, 0
3295, additionalstructures:obsidian_pillar_1, HEADING, header:ignore, 0, 0, 0
3296, philipsruins:start_nether_dungeon, HEADING, header:ignore, 0, 0, 0
3297, mns:small_nether_brick, HEADING, header:ignore, 0, 0, 0
3298, wabi_sabi_structures:effigy_patch_jungle, HEADING, header:ignore, 0, 0, 0
3299, formationsoverworld:well, HEADING, header:ignore, 0, 0, 0
3300, formationsoverworld:small_temple, HEADING, header:ignore, 0, 0, 0
3301, wabi_sabi_structures:concrete_mill_ruins_desert, HEADING, header:ignore, 0, 0, 0
3302, totw_modded:mercury, HEADING, header:ignore, 0, 0, 0
3303, ctov:medium/village_mesa_fortified, HEADING, header:ignore, 0, 0, 0
3304, additionalstructures:snowman_1, HEADING, header:ignore, 0, 0, 0
3305, awesomedungeonend:end_castle_evoker, HEADING, header:ignore, 0, 0, 0
3306, bloomingnature:little_house, HEADING, header:ignore, 0, 0, 0
3307, additionalstructures:oak_log_2, HEADING, header:ignore, 0, 0, 0
3308, nova_structures:well_savana, HEADING, header:ignore, 0, 0, 0
3309, structory_towers:foraging_outpost, HEADING, header:ignore, 0, 0, 0
3310, additionalstructures:obsidian_spike_2, HEADING, header:ignore, 0, 0, 0
3311, nova_structures:tavern_cherry, HEADING, header:ignore, 0, 0, 0
3312, formationsoverworld:witch_tower, HEADING, header:ignore, 0, 0, 0
3313, mvs:fire_camp, HEADING, header:ignore, 0, 0, 0
3314, qrafty:graveyard, HEADING, header:ignore, 0, 0, 0
3315, iceandfire:pixie_village, HEADING, header:ignore, 0, 0, 0
3316, nova_structures:underground_house, HEADING, header:ignore, 0, 0, 0
3317, additionalstructures:tomb_4, HEADING, header:ignore, 0, 0, 0
3318, totw_modded:derelict, HEADING, header:ignore, 0, 0, 0
3319, explorify:mausoleum, HEADING, header:ignore, 0, 0, 0
3320, betterdungeons:zombie_dungeon, HEADING, header:ignore, 0, 0, 0
3321, betterdungeons:zombie_dungeon, MONSTER, minecraft:zombie, 80, 4, 15
3322, nova_structures:nether_skeleton_tower_basalt, HEADING, header:ignore, 0, 0, 0
3323, additionalstructures:cactus_1, HEADING, header:ignore, 0, 0, 0
3324, additionalstructures:snow_pile_2, HEADING, header:ignore, 0, 0, 0
3325, additionalstructures:end_tower_3, HEADING, header:ignore, 0, 0, 0
3326, structory:taiga_ruin_underground, HEADING, header:ignore, 0, 0, 0
3327, awesomedungeonnether:nth_blaze_tower, HEADING, header:ignore, 0, 0, 0
3328, bettermineshafts:mineshaft_mesa, HEADING, header:ignore, 0, 0, 0
3329, medieval_nether:castle, HEADING, header:ignore, 0, 0, 0
3330, formationsoverworld:small_house, HEADING, header:ignore, 0, 0, 0
3331, forsaken:wells/rustic/birch, HEADING, header:ignore, 0, 0, 0
3332, red:taiga_deforestation, HEADING, header:ignore, 0, 0, 0
3333, mns:shrine, HEADING, header:ignore, 0, 0, 0
3334, explorify:watchtower/savanna, HEADING, header:ignore, 0, 0, 0
3335, structory:abandoned_chapel, HEADING, header:ignore, 0, 0, 0
3336, red:statue2, HEADING, header:ignore, 0, 0, 0
3337, explorify:desert_shrine, HEADING, header:ignore, 0, 0, 0
3338, beachparty:ritual_circle, HEADING, header:ignore, 0, 0, 0
3339, mns:very_small_nether_brick, HEADING, header:ignore, 0, 0, 0
3340, pirates:wreck3, HEADING, header:ignore, 0, 0, 0
3341, additionalstructures:palm_4, HEADING, header:ignore, 0, 0, 0
3342, cavernous:husk_spawner, HEADING, header:ignore, 0, 0, 0
3343, totw_modded:tw_canopy, HEADING, header:ignore, 0, 0, 0
3344, ctov:large/village_mountain_alpine, HEADING, header:ignore, 0, 0, 0
3345, mns:nether_tower, HEADING, header:ignore, 0, 0, 0
3346, ctov:medium/village_swamp, HEADING, header:ignore, 0, 0, 0
3347, additionalstructures:sandstone_rock_1, HEADING, header:ignore, 0, 0, 0
3348, additionalstructures:villager_house_4, HEADING, header:ignore, 0, 0, 0
3349, additionalstructures:silverfish_cluster_2, HEADING, header:ignore, 0, 0, 0
3350, qrafty:lush_ice, HEADING, header:ignore, 0, 0, 0
3351, qrafty:ice_fort, HEADING, header:ignore, 0, 0, 0
3352, additionalstructures:nether_spawn_altar_3, HEADING, header:ignore, 0, 0, 0
3353, mes:mega_ship_basic, HEADING, header:ignore, 0, 0, 0
3354, mes:mega_ship_basic, MONSTER, minecraft:shulker, 10, 2, 3
3355, mes:mega_ship_basic, MONSTER, minecraft:enderman, 20, 3, 5
3356, imst:alpine_house, HEADING, header:ignore, 0, 0, 0
3357, mvs:dead_tree_dark_oak, HEADING, header:ignore, 0, 0, 0
3358, betterend:mountain, HEADING, header:ignore, 0, 0, 0
3359, formationsnether:flaming_pillar, HEADING, header:ignore, 0, 0, 0
3360, mvs:medium_bamboo_cart, HEADING, header:ignore, 0, 0, 0
3361, beachparty:excavated_treasure, HEADING, header:ignore, 0, 0, 0
3362, additionalstructures:camp_2, HEADING, header:ignore, 0, 0, 0
3363, mvs:gallows, HEADING, header:ignore, 0, 0, 0
3364, additionalstructures:nether_spawn_altar_2, HEADING, header:ignore, 0, 0, 0
3365, ctov:medium/village_desert_oasis, HEADING, header:ignore, 0, 0, 0
3366, totw_modded:glacio, HEADING, header:ignore, 0, 0, 0
3367, wabi_sabi_structures:water_tower_spruce, HEADING, header:ignore, 0, 0, 0
3368, imst:sunflower_farm, HEADING, header:ignore, 0, 0, 0
3369, betteroceanmonuments:ocean_monument, HEADING, header:ignore, 0, 0, 0
3370, betteroceanmonuments:ocean_monument, MONSTER, minecraft:guardian, 10, 2, 4
3371, mvs:ocean_tower, HEADING, header:ignore, 0, 0, 0
3372, illagerinvasion:illusioner_tower, HEADING, header:ignore, 0, 0, 0
3373, additionalstructures:tomb_3, HEADING, header:ignore, 0, 0, 0
3374, nova_structures:mangrove_witch_hut, HEADING, header:ignore, 0, 0, 0
3375, nova_structures:mangrove_witch_hut, MONSTER, minecraft:witch, 10, 1, 1
3376, nova_structures:mangrove_witch_hut, CREATURE, minecraft:cat, 10, 1, 1
3377, eugene:pillager_loot_carriage, HEADING, header:ignore, 0, 0, 0
3378, wabi_sabi_structures:lost_foot, HEADING, header:ignore, 0, 0, 0
3379, additionalstructures:snowman_2, HEADING, header:ignore, 0, 0, 0
3380, additionalstructures:desert_pillars_1, HEADING, header:ignore, 0, 0, 0
3381, explorify:supply_cache/birch, HEADING, header:ignore, 0, 0, 0
3382, mvs:jungle_log_pile, HEADING, header:ignore, 0, 0, 0
3383, additionalstructures:boat_1, HEADING, header:ignore, 0, 0, 0
3384, philipsruins:ancient_crypt, HEADING, header:ignore, 0, 0, 0
3385, mvs:stone_pillars, HEADING, header:ignore, 0, 0, 0
3386, additionalstructures:underground_base_1, HEADING, header:ignore, 0, 0, 0
3387, additionalstructures:red_sandstone_totem_1, HEADING, header:ignore, 0, 0, 0
3388, ctov:small/village_plains_fortified, HEADING, header:ignore, 0, 0, 0
3389, create_structures_arise:createpickaxe, HEADING, header:ignore, 0, 0, 0
3390, additionalstructures:underground_dungeon_2, HEADING, header:ignore, 0, 0, 0
3391, nova_structures:badlands_miner_outpost, HEADING, header:ignore, 0, 0, 0
3392, mebahelcreaturesdraugr:draugr_tower, HEADING, header:ignore, 0, 0, 0
3393, philipsruins:rare_ruin, HEADING, header:ignore, 0, 0, 0
3394, mns:leafy_rubble, HEADING, header:ignore, 0, 0, 0
3395, wabi_sabi_structures:wandering_trader_cart_temperate, HEADING, header:ignore, 0, 0, 0
3396, wabi_sabi_structures:gallows, HEADING, header:ignore, 0, 0, 0
3397, wabi_sabi_structures:gallows, MONSTER, minecraft:skeleton, 10, 1, 3
3398, imst:fossil_swamp, HEADING, header:ignore, 0, 0, 0
3399, eugene:castle, HEADING, header:ignore, 0, 0, 0
3400, create_rustic_structures:rustic_windmill, HEADING, header:ignore, 0, 0, 0
3401, additionalstructures:underground_nether_portal, HEADING, header:ignore, 0, 0, 0
3402, totw_modded:ratlantis, HEADING, header:ignore, 0, 0, 0
3403, formationsoverworld:ice_spire, HEADING, header:ignore, 0, 0, 0
3404, additionalstructures:end_spawn_altar_2, HEADING, header:ignore, 0, 0, 0
3405, pirates:friendly_raft, HEADING, header:ignore, 0, 0, 0
3406, mvs:azelea_house, HEADING, header:ignore, 0, 0, 0
3407, philipsruins:ancient_dungeon, HEADING, header:ignore, 0, 0, 0
3408, philipsruins:ancient_dungeon, MONSTER, minecraft:zombie, 20, 4, 12
3409, ctov:large/village_christmas, HEADING, header:ignore, 0, 0, 0
3410, mvs:spruce_tree, HEADING, header:ignore, 0, 0, 0
3411, nova_structures:village_swamp, HEADING, header:ignore, 0, 0, 0
3412, mvs:floating_islands, HEADING, header:ignore, 0, 0, 0
3413, nova_structures:nether_port, HEADING, header:ignore, 0, 0, 0
3414, nova_structures:nether_port, MONSTER, minecraft:blaze, 10, 1, 2
3415, nova_structures:nether_port, MONSTER, minecraft:zombified_piglin, 50, 1, 2
3416, nova_structures:nether_port, MONSTER, minecraft:wither_skeleton, 10, 1, 3
3417, nova_structures:nether_port, MONSTER, minecraft:skeleton, 10, 1, 5
3418, nova_structures:nether_port, MONSTER, minecraft:magma_cube, 30, 1, 2
3419, formationsoverworld:copper_spire, HEADING, header:ignore, 0, 0, 0
3420, explorify:end_shipwreck, HEADING, header:ignore, 0, 0, 0
3421, medieval_nether:shrine, HEADING, header:ignore, 0, 0, 0
3422, imst:observatory, HEADING, header:ignore, 0, 0, 0
3423, mvs:bee_dome, HEADING, header:ignore, 0, 0, 0
3424, mvs:sunzi_gate, HEADING, header:ignore, 0, 0, 0
3425, totw_modded:moon, HEADING, header:ignore, 0, 0, 0
3426, mvs:stone_fountain, HEADING, header:ignore, 0, 0, 0
3427, ctov:large/village_mountain, HEADING, header:ignore, 0, 0, 0
3428, bettermineshafts:mineshaft_ice, HEADING, header:ignore, 0, 0, 0
3429, minecraft:village_desert, HEADING, header:ignore, 0, 0, 0
3430, aquamirae:ice_maze/common, HEADING, header:ignore, 0, 0, 0
3431, aquamirae:ice_maze/common, MONSTER, aquamirae:maw, 50, 1, 2
3432, additionalstructures:nether_wall_ruin_1, HEADING, header:ignore, 0, 0, 0
3433, mns:giant_skull, HEADING, header:ignore, 0, 0, 0
3434, additionalstructures:obsidian_spike_1, HEADING, header:ignore, 0, 0, 0
3435, forsaken:homes/oriental, HEADING, header:ignore, 0, 0, 0
3436, mns:bridge_1, HEADING, header:ignore, 0, 0, 0
3437, grim_kingdoms:silentgale_citadel, HEADING, header:ignore, 0, 0, 0
3438, totw_modded:nether, HEADING, header:ignore, 0, 0, 0
3439, qrafty:stonehedge, HEADING, header:ignore, 0, 0, 0
3440, awesomedungeonnether:nth_absi_palace, HEADING, header:ignore, 0, 0, 0
3441, additionalstructures:villager_house_1, HEADING, header:ignore, 0, 0, 0
3442, additionalstructures:spawn_altar_2, HEADING, header:ignore, 0, 0, 0
3443, bettermineshafts:mineshaft_overgrown, HEADING, header:ignore, 0, 0, 0
3444, create_rustic_structures:rustic_well, HEADING, header:ignore, 0, 0, 0
3445, wabi_sabi_structures:water_tower_dark_oak, HEADING, header:ignore, 0, 0, 0
3446, mvs:small_mangrove_lantern, HEADING, header:ignore, 0, 0, 0
3447, structory:dense_forest_ruin, HEADING, header:ignore, 0, 0, 0
3448, castle_dungeons:castle_illager_plains, HEADING, header:ignore, 0, 0, 0
3449, castle_dungeons:castle_illager_plains, MONSTER, minecraft:pillager, 10, 1, 1
3450, castle_dungeons:castle_illager_plains, MONSTER, minecraft:vindicator, 10, 1, 1
3451, ctov:medium/village_jungle, HEADING, header:ignore, 0, 0, 0
3452, additionalstructures:end_spawn_altar_1, HEADING, header:ignore, 0, 0, 0
3453, explorify:tavern, HEADING, header:ignore, 0, 0, 0
3454, formationsnether:blackstone_remnant, HEADING, header:ignore, 0, 0, 0
3455, wabi_sabi_structures:abandoned_small_castle, HEADING, header:ignore, 0, 0, 0
3456, medievalend:shrine, HEADING, header:ignore, 0, 0, 0
3457, nova_structures:tavern_desert, HEADING, header:ignore, 0, 0, 0
3458, additionalstructures:fossil_2, HEADING, header:ignore, 0, 0, 0
3459, structory_towers:nether/strange_outpost, HEADING, header:ignore, 0, 0, 0
3460, ctov:large/village_jungle_tree, HEADING, header:ignore, 0, 0, 0
3461, cavernous:sandstone_temple, HEADING, header:ignore, 0, 0, 0
3462, formationsoverworld:log_shelter, HEADING, header:ignore, 0, 0, 0
3463, farmers_structures:undergarden_sea, HEADING, header:ignore, 0, 0, 0
3464, ctov:pillager_outpost_savanna, HEADING, header:ignore, 0, 0, 0
3465, ctov:pillager_outpost_savanna, MONSTER, minecraft:pillager, 10, 1, 1
3466, ctov:pillager_outpost_savanna, MONSTER, minecraft:evoker, 10, 1, 1
3467, ctov:pillager_outpost_savanna, MONSTER, minecraft:vindicator, 10, 1, 1
3468, ctov:pillager_outpost_savanna, MONSTER, minecraft:witch, 10, 1, 1
3469, mvs:blue_stall, HEADING, header:ignore, 0, 0, 0
3470, mes:mythic_garden, HEADING, header:ignore, 0, 0, 0
3471, mns:medium_warped_fungus, HEADING, header:ignore, 0, 0, 0
3472, iceandfire:siren_island, HEADING, header:ignore, 0, 0, 0
3473, additionalstructures:wall_ruin_2, HEADING, header:ignore, 0, 0, 0
3474, wabi_sabi_structures:chorus_orchard, HEADING, header:ignore, 0, 0, 0
3475, farmers_structures:quark_glimer, HEADING, header:ignore, 0, 0, 0
3476, mvs:out_house, HEADING, header:ignore, 0, 0, 0
3477, additionalstructures:underground_dungeon_1, HEADING, header:ignore, 0, 0, 0
3478, imst:lumberjack/jungle_hut, HEADING, header:ignore, 0, 0, 0
3479, formationsoverworld:stone_ore_spikes, HEADING, header:ignore, 0, 0, 0
3480, additionalstructures:stone_circle_1, HEADING, header:ignore, 0, 0, 0
3481, minecraft:shipwreck, HEADING, header:ignore, 0, 0, 0
3482, ctov:small/village_underground, HEADING, header:ignore, 0, 0, 0
3483, totw_modded:badlands, HEADING, header:ignore, 0, 0, 0
3484, mmv:village_jungle, HEADING, header:ignore, 0, 0, 0
3485, create_structures_arise:createbarn, HEADING, header:ignore, 0, 0, 0
3486, philipsruins:lost_soul_dungeon, HEADING, header:ignore, 0, 0, 0
3487, philipsruins:lost_soul_dungeon, MONSTER, minecraft:wither_skeleton, 10, 1, 5
3488, formationsoverworld:small_statue, HEADING, header:ignore, 0, 0, 0
3489, wabi_sabi_structures:mushroom_house, HEADING, header:ignore, 0, 0, 0
3490, structory_towers:warped_greatsword, HEADING, header:ignore, 0, 0, 0
3491, structory_towers:engineer_tower, HEADING, header:ignore, 0, 0, 0
3492, bloomingnature:swamp_hut, HEADING, header:ignore, 0, 0, 0
3493, bloomingnature:swamp_hut, CREATURE, minecraft:witch, 10, 1, 4
3494, ctov:small/village_desert, HEADING, header:ignore, 0, 0, 0
3495, ctov:large/village_savanna_na, HEADING, header:ignore, 0, 0, 0
3496, nova_structures:firewatch_tower_birch, HEADING, header:ignore, 0, 0, 0
3497, medievalend:ship, HEADING, header:ignore, 0, 0, 0
3498, ctov:small/village_mushroom, HEADING, header:ignore, 0, 0, 0
3499, formationsnether:parkour_challenge, HEADING, header:ignore, 0, 0, 0
3500, additionalstructures:well_2, HEADING, header:ignore, 0, 0, 0
3501, wabi_sabi_structures:effigy_patch_mushroom, HEADING, header:ignore, 0, 0, 0
3502, farmers_structures:cook, HEADING, header:ignore, 0, 0, 0
3503, forsaken:homes/turf, HEADING, header:ignore, 0, 0, 0
3504, additionalstructures:standing_spruce_log, HEADING, header:ignore, 0, 0, 0
3505, additionalstructures:end_wall_ruin_3, HEADING, header:ignore, 0, 0, 0
3506, mvs:end_scraps_4, HEADING, header:ignore, 0, 0, 0
3507, additionalstructures:obsidian_pillar_2, HEADING, header:ignore, 0, 0, 0
3508, bloomingnature:cottage, HEADING, header:ignore, 0, 0, 0
3509, imst:igloo, HEADING, header:ignore, 0, 0, 0
3510, imst:igloo, MONSTER, minecraft:zombie_villager, 10, 1, 1
3511, mebahelcreaturesdwarven:blackreach, HEADING, header:ignore, 0, 0, 0
3512, mvs:dead_tree_spruce, HEADING, header:ignore, 0, 0, 0
3513, philipsruins:level_two_ruins, HEADING, header:ignore, 0, 0, 0
3514, nova_structures:illager_camp, HEADING, header:ignore, 0, 0, 0
3515, imst:bandit_camp, HEADING, header:ignore, 0, 0, 0
3516, imst:bandit_camp, MONSTER, minecraft:pillager, 10, 1, 1
3517, additionalstructures:suspicious_gravel_patch_1, HEADING, header:ignore, 0, 0, 0
3518, minecraft:desert_pyramid, HEADING, header:ignore, 0, 0, 0
3519, create_structures_arise:create_copper_statue, HEADING, header:ignore, 0, 0, 0
3520, luistercorp:ice_cabin, HEADING, header:ignore, 0, 0, 0
3521, formationsoverworld:large_temple, HEADING, header:ignore, 0, 0, 0
3522, additionalstructures:nether_building_3, HEADING, header:ignore, 0, 0, 0
3523, mvs:small_oak_pond, HEADING, header:ignore, 0, 0, 0
3524, imst:quarry, HEADING, header:ignore, 0, 0, 0
3525, betterjungletemples:jungle_temple, HEADING, header:ignore, 0, 0, 0
3526, medieval_nether:house, HEADING, header:ignore, 0, 0, 0
3527, philipsruins:antiquus_crypta, HEADING, header:ignore, 0, 0, 0
3528, philipsruins:antiquus_crypta, MONSTER, minecraft:skeleton, 15, 5, 15
3529, philipsruins:antiquus_crypta, MONSTER, minecraft:zombie, 15, 7, 15
3530, imst:lumberjack/spruce_hut, HEADING, header:ignore, 0, 0, 0
3531, ctov:medium/village_mesa, HEADING, header:ignore, 0, 0, 0
3532, formationsnether:blackstone_castle, HEADING, header:ignore, 0, 0, 0
3533, additionalstructures:standing_acacia_log, HEADING, header:ignore, 0, 0, 0
3534, structory_towers:sacred_relic_temple, HEADING, header:ignore, 0, 0, 0
3535, additionalstructures:mushroom_house_2, HEADING, header:ignore, 0, 0, 0
3536, awesomedungeonnether:nth_obsi_house, HEADING, header:ignore, 0, 0, 0
3537, ctov:pillager_outpost_taiga, HEADING, header:ignore, 0, 0, 0
3538, ctov:pillager_outpost_taiga, MONSTER, minecraft:pillager, 10, 1, 1
3539, ctov:pillager_outpost_taiga, MONSTER, minecraft:evoker, 10, 1, 1
3540, ctov:pillager_outpost_taiga, MONSTER, minecraft:vindicator, 10, 1, 1
3541, ctov:pillager_outpost_taiga, MONSTER, minecraft:witch, 10, 1, 1
3542, mes:enderpin_spikes, HEADING, header:ignore, 0, 0, 0
3543, additionalstructures:boat_2, HEADING, header:ignore, 0, 0, 0
3544, red:birch_deforestation, HEADING, header:ignore, 0, 0, 0
3545, illagerinvasion:firecaller_hut, HEADING, header:ignore, 0, 0, 0
3546, additionalstructures:sphinx, HEADING, header:ignore, 0, 0, 0
3547, bloomingnature:swamp_ruin_1, HEADING, header:ignore, 0, 0, 0
3548, bloomingnature:swamp_ruin_1, CREATURE, minecraft:witch, 10, 1, 4
3549, qrafty:camp, HEADING, header:ignore, 0, 0, 0
3550, totw_modded:ocean, HEADING, header:ignore, 0, 0, 0
3551, mns:very_small_blackstone_2, HEADING, header:ignore, 0, 0, 0
3552, wabi_sabi_structures:marine_observation_hub, HEADING, header:ignore, 0, 0, 0
3553, imst:lumberjack/birch_hut, HEADING, header:ignore, 0, 0, 0
3554, mvs:rare_well, HEADING, header:ignore, 0, 0, 0
3555, mes:astral_hideaway, HEADING, header:ignore, 0, 0, 0
3556, farmers_structures:quark_slime, HEADING, header:ignore, 0, 0, 0
3557, additionalstructures:palm_2, HEADING, header:ignore, 0, 0, 0
3558, explorify:black_spiral, HEADING, header:ignore, 0, 0, 0
3559, nova_structures:tavern_snowy, HEADING, header:ignore, 0, 0, 0
3560, minecraft:nether_fossil, HEADING, header:ignore, 0, 0, 0
3561, minecraft:ocean_ruin_warm, HEADING, header:ignore, 0, 0, 0
3562, mes:mega_ship_deepslate_3, HEADING, header:ignore, 0, 0, 0
3563, mes:mega_ship_deepslate_3, MONSTER, minecraft:shulker, 10, 2, 3
3564, mes:mega_ship_deepslate_3, MONSTER, minecraft:enderman, 20, 3, 5
3565, mvs:small_campfire_lantern, HEADING, header:ignore, 0, 0, 0
3566, additionalstructures:farm_1, HEADING, header:ignore, 0, 0, 0
3567, additionalstructures:nether_pillar_1, HEADING, header:ignore, 0, 0, 0
3568, iceandfire:hydra_cave, HEADING, header:ignore, 0, 0, 0
3569, pirates:wreck2, HEADING, header:ignore, 0, 0, 0
3570, ctov:small/village_beach, HEADING, header:ignore, 0, 0, 0
3571, wabi_sabi_structures:badlands_dwelling, HEADING, header:ignore, 0, 0, 0
3572, create_rustic_structures:rustic_barn, HEADING, header:ignore, 0, 0, 0
3573, additionalstructures:cobblestone_rock_2, HEADING, header:ignore, 0, 0, 0
3574, explorify:campsite, HEADING, header:ignore, 0, 0, 0
3575, create_structures_arise:createoldruine, HEADING, header:ignore, 0, 0, 0
3576, ctov:small/village_jungle, HEADING, header:ignore, 0, 0, 0
3577, awesomedungeon:better_default_jungle_temple, HEADING, header:ignore, 0, 0, 0
3578, mns:very_small_nether_brick_3, HEADING, header:ignore, 0, 0, 0
3579, wabi_sabi_structures:beetroot_patch, HEADING, header:ignore, 0, 0, 0
3580, minecraft:ruined_portal_ocean, HEADING, header:ignore, 0, 0, 0
3581, betternether:altars, HEADING, header:ignore, 0, 0, 0
3582, additionalstructures:temple_1, HEADING, header:ignore, 0, 0, 0
3583, grim_kingdoms:glacierfall_keep, HEADING, header:ignore, 0, 0, 0
3584, additionalstructures:dead_tree_1, HEADING, header:ignore, 0, 0, 0
3585, additionalstructures:end_dungeon_1, HEADING, header:ignore, 0, 0, 0
3586, mns:large_blackstone_pillars, HEADING, header:ignore, 0, 0, 0
3587, mvs:oak_tree, HEADING, header:ignore, 0, 0, 0
3588, minecraft:ruined_portal_jungle, HEADING, header:ignore, 0, 0, 0
3589, mns:circle_blackstone, HEADING, header:ignore, 0, 0, 0
3590, mns:copper_tower, HEADING, header:ignore, 0, 0, 0
3591, additionalstructures:ruin_1, HEADING, header:ignore, 0, 0, 0
3592, grim_kingdoms:snowgrave_citadel, HEADING, header:ignore, 0, 0, 0
3593, wabi_sabi_structures:monster_egg, HEADING, header:ignore, 0, 0, 0
3594, jungle_treehouse_village:jungle_treehouse_village, HEADING, header:ignore, 0, 0, 0
3595, mns:medium_warped_well, HEADING, header:ignore, 0, 0, 0
3596, minecraft:village_taiga, HEADING, header:ignore, 0, 0, 0
3597, formationsoverworld:campsite, HEADING, header:ignore, 0, 0, 0
3598, create_structures_arise:create_ruined_castle, HEADING, header:ignore, 0, 0, 0
3599, ctov:small/village_mesa, HEADING, header:ignore, 0, 0, 0
3600, additionalstructures:sandstone_rock_2, HEADING, header:ignore, 0, 0, 0
3601, minecraft:buried_treasure, HEADING, header:ignore, 0, 0, 0
3602, additionalstructures:nether_wall_ruin_2, HEADING, header:ignore, 0, 0, 0
3603, additionalstructures:spawn_altar_7, HEADING, header:ignore, 0, 0, 0
3604, structory_towers:lighthouse, HEADING, header:ignore, 0, 0, 0
3605, ctov:large/village_dark_forest, HEADING, header:ignore, 0, 0, 0
3606, grim_kingdoms:travelers_lodge, HEADING, header:ignore, 0, 0, 0
3607, ctov:medium/village_dark_forest, HEADING, header:ignore, 0, 0, 0
3608, forsaken:wells/pump/bamboo, HEADING, header:ignore, 0, 0, 0
3609, additionalstructures:obsidian_pillar_3, HEADING, header:ignore, 0, 0, 0
3610, qrafty:igloo_village, HEADING, header:ignore, 0, 0, 0
3611, wabi_sabi_structures:pumpkin_field, HEADING, header:ignore, 0, 0, 0
3612, mvs:mushroom_statue, HEADING, header:ignore, 0, 0, 0
3613, ctov:small/village_savanna, HEADING, header:ignore, 0, 0, 0
3614, explorify:watchtower/taiga, HEADING, header:ignore, 0, 0, 0
3615, medieval_buildings:house_2, HEADING, header:ignore, 0, 0, 0
3616, additionalstructures:sandstone_rock_3, HEADING, header:ignore, 0, 0, 0
3617, mns:warped_dome, HEADING, header:ignore, 0, 0, 0
3618, ctov:small/village_jungle_tree, HEADING, header:ignore, 0, 0, 0
3619, farmers_structures:aquaculture_beach, HEADING, header:ignore, 0, 0, 0
3620, additionalstructures:nether_building_2, HEADING, header:ignore, 0, 0, 0
3621, additionalstructures:end_tower_2, HEADING, header:ignore, 0, 0, 0
3622, mvs:lecturn_garden, HEADING, header:ignore, 0, 0, 0
3623, mvs:jungle_tower, HEADING, header:ignore, 0, 0, 0
3624, ctov:pillager_outpost_mesa, HEADING, header:ignore, 0, 0, 0
3625, ctov:pillager_outpost_mesa, MONSTER, minecraft:pillager, 10, 1, 1
3626, ctov:pillager_outpost_mesa, MONSTER, minecraft:evoker, 10, 1, 1
3627, ctov:pillager_outpost_mesa, MONSTER, minecraft:vindicator, 10, 1, 1
3628, ctov:pillager_outpost_mesa, MONSTER, minecraft:witch, 10, 1, 1
3629, ctov:medium/village_savanna_na, HEADING, header:ignore, 0, 0, 0
3630, lying_skeletons:skeleton, HEADING, header:ignore, 0, 0, 0
3631, lying_skeletons:skeleton, CREATURE, minecraft:vex, 10, 1, 2
3632, betternether:spawn_altar_ladder, HEADING, header:ignore, 0, 0, 0
3633, mes:enderskog, HEADING, header:ignore, 0, 0, 0
3634, explorify:supply_cache/taiga, HEADING, header:ignore, 0, 0, 0
3635, betternether:portals, HEADING, header:ignore, 0, 0, 0
3636, ctov:large/village_mesa_fortified, HEADING, header:ignore, 0, 0, 0
3637, nova_structures:conduit_ruin, HEADING, header:ignore, 0, 0, 0
3638, nova_structures:conduit_ruin, MONSTER, minecraft:guardian, 10, 1, 1
3639, nova_structures:conduit_ruin, MONSTER, minecraft:drowned, 50, 1, 2
3640, totw_modded:derelict_grass, HEADING, header:ignore, 0, 0, 0
3641, cavernous:stone_village, HEADING, header:ignore, 0, 0, 0
3642, forsaken:homes/spruce, HEADING, header:ignore, 0, 0, 0
3643, additionalstructures:standing_dark_oak_log, HEADING, header:ignore, 0, 0, 0
3644, betternether:ghast_hive, HEADING, header:ignore, 0, 0, 0
3645, additionalstructures:log_bundle, HEADING, header:ignore, 0, 0, 0
3646, ribbits:ribbit_village, HEADING, header:ignore, 0, 0, 0
3647, additionalstructures:end_ruin_1, HEADING, header:ignore, 0, 0, 0
3648, qrafty:sunken_city, HEADING, header:ignore, 0, 0, 0
3649, wabi_sabi_structures:potato_patch, HEADING, header:ignore, 0, 0, 0
3650, ctov:large/village_taiga, HEADING, header:ignore, 0, 0, 0
3651, wabi_sabi_structures:bamboo_firework_site, HEADING, header:ignore, 0, 0, 0
3652, explorify:supply_cache/mangrove, HEADING, header:ignore, 0, 0, 0
3653, qrafty:relict, HEADING, header:ignore, 0, 0, 0
3654, explorify:farmstead, HEADING, header:ignore, 0, 0, 0
3655, nova_structures:skeleton_camp_crimson, HEADING, header:ignore, 0, 0, 0
3656, additionalstructures:obsidian_tree_2, HEADING, header:ignore, 0, 0, 0
3657, additionalstructures:fallen_jungle_tree_1, HEADING, header:ignore, 0, 0, 0
3658, mns:bridge_3, HEADING, header:ignore, 0, 0, 0
3659, betterend:eternal_portal, HEADING, header:ignore, 0, 0, 0
3660, betterdungeons:small_nether_dungeon, HEADING, header:ignore, 0, 0, 0
3661, betterdungeons:small_dungeon, HEADING, header:ignore, 0, 0, 0
3662, underground_villages:underground_village, HEADING, header:ignore, 0, 0, 0
3663, philipsruins:ocean_fortress, HEADING, header:ignore, 0, 0, 0
3664, philipsruins:ocean_fortress, MONSTER, minecraft:guardian, 10, 2, 3
3665, philipsruins:ocean_fortress, MONSTER, minecraft:drowned, 30, 5, 9
3666, iceandfire:ice_dragon_cave, HEADING, header:ignore, 0, 0, 0
3667, red:snowy_oracle, HEADING, header:ignore, 0, 0, 0
3668, mvs:nether_well, HEADING, header:ignore, 0, 0, 0
3669, ctov:small/village_desert_oasis, HEADING, header:ignore, 0, 0, 0
3670, additionalstructures:sewage_system_1, HEADING, header:ignore, 0, 0, 0
3671, additionalstructures:sewage_system_1, MONSTER, minecraft:cave_spider, 10, 2, 4
3672, mvs:rocky_well, HEADING, header:ignore, 0, 0, 0
3673, qrafty:oasis, HEADING, header:ignore, 0, 0, 0
3674, totw_modded:aether, HEADING, header:ignore, 0, 0, 0
3675, pirates:wreck1, HEADING, header:ignore, 0, 0, 0
3676, qrafty:stelzen, HEADING, header:ignore, 0, 0, 0
3677, additionalstructures:pillar_ruin_3, HEADING, header:ignore, 0, 0, 0
3678, mvs:nether_devil, HEADING, header:ignore, 0, 0, 0
3679, farmers_structures:aquaculture_carp, HEADING, header:ignore, 0, 0, 0
3680, grim_kingdoms:zweiberg, HEADING, header:ignore, 0, 0, 0
3681, philipsruins:lost_soul_city, HEADING, header:ignore, 0, 0, 0
3682, philipsruins:lost_soul_city, MONSTER, minecraft:wither_skeleton, 10, 1, 2
3683, mvs:windmill, HEADING, header:ignore, 0, 0, 0
3684, awesomedungeonnether:nth_accum_quad, HEADING, header:ignore, 0, 0, 0
3685, mes:mega_ship_crashed, HEADING, header:ignore, 0, 0, 0
3686, mes:mega_ship_crashed, MONSTER, minecraft:shulker, 10, 2, 3
3687, wabi_sabi_structures:spider_cellar, HEADING, header:ignore, 0, 0, 0
3688, mes:ender_spire, HEADING, header:ignore, 0, 0, 0
3689, mvs:bench, HEADING, header:ignore, 0, 0, 0
3690, red:herobrine_statue, HEADING, header:ignore, 0, 0, 0
3691, wabi_sabi_structures:concrete_mill_ruins_shore, HEADING, header:ignore, 0, 0, 0
3692, wabi_sabi_structures:spruce_cabin, HEADING, header:ignore, 0, 0, 0
3693, formationsnether:quartz_spikes, HEADING, header:ignore, 0, 0, 0
3694, mvs:mine_with_campsite, HEADING, header:ignore, 0, 0, 0
3695, additionalstructures:fallen_palm_tree_1, HEADING, header:ignore, 0, 0, 0
3696, iceandfire:cyclops_cave, HEADING, header:ignore, 0, 0, 0
3697, betterend:megalake_small, HEADING, header:ignore, 0, 0, 0
3698, nova_structures:firewatch_tower_cherry, HEADING, header:ignore, 0, 0, 0
3699, mes:enderkeep_courtyard, HEADING, header:ignore, 0, 0, 0
3700, betterfortresses:fortress, HEADING, header:ignore, 0, 0, 0
3701, betterfortresses:fortress, MONSTER, minecraft:blaze, 10, 2, 3
3702, betterfortresses:fortress, MONSTER, minecraft:zombified_piglin, 50, 4, 4
3703, betterfortresses:fortress, MONSTER, minecraft:wither_skeleton, 10, 5, 5
3704, betterfortresses:fortress, MONSTER, minecraft:skeleton, 20, 5, 5
3705, betterfortresses:fortress, MONSTER, minecraft:magma_cube, 30, 4, 4
3706, wabi_sabi_structures:rot_tree, HEADING, header:ignore, 0, 0, 0
3707, nova_structures:desert_ruins, HEADING, header:ignore, 0, 0, 0
3708, cavernous:thermal_plant, HEADING, header:ignore, 0, 0, 0
3709, mvs:flower_hole, HEADING, header:ignore, 0, 0, 0
3710, wabi_sabi_structures:wandering_trader_cart_cold, HEADING, header:ignore, 0, 0, 0
3711, formationsoverworld:mushroom_hut, HEADING, header:ignore, 0, 0, 0
3712, structory_towers:ocean_pillar, HEADING, header:ignore, 0, 0, 0
3713, red:abandoned_house, HEADING, header:ignore, 0, 0, 0
3714, red:abandoned_house, MONSTER, minecraft:witch, 10, 2, 3
3715, red:patheon, HEADING, header:ignore, 0, 0, 0
3716, formationsnether:checkerboard_temple, HEADING, header:ignore, 0, 0, 0
3717, forsaken:homes/desert, HEADING, header:ignore, 0, 0, 0
3718, medieval_nether:dome, HEADING, header:ignore, 0, 0, 0
3719, wabi_sabi_structures:lumpy_tower, HEADING, header:ignore, 0, 0, 0
3720, wabi_sabi_structures:carrot_patch, HEADING, header:ignore, 0, 0, 0
3721, nova_structures:well_jungle, HEADING, header:ignore, 0, 0, 0
3722, nova_structures:piglin_outstation, HEADING, header:ignore, 0, 0, 0
3723, nova_structures:piglin_outstation, MONSTER, minecraft:piglin, 10, 1, 1
3724, mns:medium_crimson_well, HEADING, header:ignore, 0, 0, 0
3725, bosses_of_mass_destruction:obsidilith_arena, HEADING, header:ignore, 0, 0, 0
3726, wabi_sabi_structures:basalt_factory_ruin, HEADING, header:ignore, 0, 0, 0
3727, mes:endscraps, HEADING, header:ignore, 0, 0, 0
3728, structory_towers:ancient_temple, HEADING, header:ignore, 0, 0, 0
3729, mvs:dark_oak_well, HEADING, header:ignore, 0, 0, 0
3730, wabi_sabi_structures:effigy_patch_swamp, HEADING, header:ignore, 0, 0, 0
3731, imst:mountain_camp, HEADING, header:ignore, 0, 0, 0
3732, create_structures_arise:createminiskyvillage, HEADING, header:ignore, 0, 0, 0
3733, mvs:small_bamboo_lantern, HEADING, header:ignore, 0, 0, 0
3734, qrafty:railroad, HEADING, header:ignore, 0, 0, 0
3735, additionalstructures:desert_tomb_1, HEADING, header:ignore, 0, 0, 0
3736, additionalstructures:desert_tomb_1, MONSTER, minecraft:husk, 10, 2, 4
3737, formationsoverworld:farmland_field, HEADING, header:ignore, 0, 0, 0
3738, mvs:cherry_tree, HEADING, header:ignore, 0, 0, 0
3739, mns:very_small_blackstone_4, HEADING, header:ignore, 0, 0, 0
3740, awesomedungeonend:end_hardcastle, HEADING, header:ignore, 0, 0, 0
3741, iceandfire:lightning_dragon_cave, HEADING, header:ignore, 0, 0, 0
3742, mvs:jungle_tree, HEADING, header:ignore, 0, 0, 0
3743, minecraft:bastion_remnant, HEADING, header:ignore, 0, 0, 0
3744, additionalstructures:spawn_altar_5, HEADING, header:ignore, 0, 0, 0
3745, additionalstructures:ice_floes_2, HEADING, header:ignore, 0, 0, 0
3746, ctov:small/village_mountain_alpine, HEADING, header:ignore, 0, 0, 0
3747, additionalstructures:standing_oak_log, HEADING, header:ignore, 0, 0, 0
3748, mvs:deepslate_house, HEADING, header:ignore, 0, 0, 0
3749, imst:dark_tower, HEADING, header:ignore, 0, 0, 0
3750, nova_structures:firewatch_tower_swamp, HEADING, header:ignore, 0, 0, 0
3751, structory:outcast_villager_desert, HEADING, header:ignore, 0, 0, 0
3752, ctov:small/village_snowy_igloo, HEADING, header:ignore, 0, 0, 0
3753, mes:monolith, HEADING, header:ignore, 0, 0, 0
3754, mvs:big_oak_tree, HEADING, header:ignore, 0, 0, 0
3755, wabi_sabi_structures:ender_claw, HEADING, header:ignore, 0, 0, 0
3756, wabi_sabi_structures:ender_claw, MONSTER, minecraft:enderman, 20, 1, 1
3757, ctov:medium/village_taiga_fortified, HEADING, header:ignore, 0, 0, 0
3758, betternether:pyramid, HEADING, header:ignore, 0, 0, 0
3759, eugene:piglin_camp, HEADING, header:ignore, 0, 0, 0
3760, grim_kingdoms:frostbloom_bastion, HEADING, header:ignore, 0, 0, 0
3761, mvs:large_cart_2, HEADING, header:ignore, 0, 0, 0
3762, farmers_structures:quark_moss, HEADING, header:ignore, 0, 0, 0
3763, philipsruins:end_ruins, HEADING, header:ignore, 0, 0, 0
3764, totw_modded:venus, HEADING, header:ignore, 0, 0, 0
3765, additionalstructures:bone_2, HEADING, header:ignore, 0, 0, 0
3766, mvs:wheat_grain_bin, HEADING, header:ignore, 0, 0, 0
3767, imst:cocoa_farm, HEADING, header:ignore, 0, 0, 0
3768, mvs:tall_house, HEADING, header:ignore, 0, 0, 0
3769, additionalstructures:spawn_altar_1, HEADING, header:ignore, 0, 0, 0
3770, mvs:spruce_well, HEADING, header:ignore, 0, 0, 0
3771, additionalstructures:pyramid_2, HEADING, header:ignore, 0, 0, 0
3772, forsaken:wells/rustic/dark_oak, HEADING, header:ignore, 0, 0, 0
3773, mns:bridge_6, HEADING, header:ignore, 0, 0, 0
3774, explorify:supply_cache/forest, HEADING, header:ignore, 0, 0, 0
3775, mvs:pink_stall, HEADING, header:ignore, 0, 0, 0
3776, betterend:end_village, HEADING, header:ignore, 0, 0, 0
3777, additionalstructures:suspicious_sand_patch_4, HEADING, header:ignore, 0, 0, 0
3778, mvs:desert_well, HEADING, header:ignore, 0, 0, 0
3779, wabi_sabi_structures:woody_camp, HEADING, header:ignore, 0, 0, 0
3780, ctov:medium/village_mushroom, HEADING, header:ignore, 0, 0, 0
3781, ctov:large/village_beach, HEADING, header:ignore, 0, 0, 0
3782, betterdeserttemples:desert_temple, HEADING, header:ignore, 0, 0, 0
3783, betterdeserttemples:desert_temple, MONSTER, minecraft:husk, 80, 10, 32
3784, betterdeserttemples:desert_temple, CREATURE, minecraft:cat, 80, 4, 4
3785, betterdeserttemples:desert_temple, CREATURE, minecraft:rabbit, 80, 4, 4
3786, imst:pyramid, HEADING, header:ignore, 0, 0, 0
3787, wabi_sabi_structures:hide_tannery_oak, HEADING, header:ignore, 0, 0, 0
3788, additionalstructures:villager_statue_2, HEADING, header:ignore, 0, 0, 0
3789, ctov:large/village_savanna, HEADING, header:ignore, 0, 0, 0
3790, mvs:dark_oak_tree, HEADING, header:ignore, 0, 0, 0
3791, minecraft:village_snowy, HEADING, header:ignore, 0, 0, 0
3792, formationsnether:small_fire_arena, HEADING, header:ignore, 0, 0, 0
3793, philipsruins:ancient_ruins, HEADING, header:ignore, 0, 0, 0
3794, philipsruins:ancient_ruins, MONSTER, minecraft:zombie, 12, 10, 20
3795, philipsruins:ancient_ruins, MONSTER, minecraft:skeleton, 12, 10, 20
3796, forsaken:wells/rustic/oak, HEADING, header:ignore, 0, 0, 0
3797, minecraft:fortress, HEADING, header:ignore, 0, 0, 0
3798, minecraft:fortress, MONSTER, minecraft:blaze, 10, 2, 3
3799, minecraft:fortress, MONSTER, minecraft:zombified_piglin, 50, 4, 4
3800, minecraft:fortress, MONSTER, minecraft:wither_skeleton, 10, 5, 5
3801, minecraft:fortress, MONSTER, minecraft:skeleton, 20, 5, 5
3802, minecraft:fortress, MONSTER, minecraft:magma_cube, 30, 4, 4
3803, ctov:medium/village_mountain_alpine, HEADING, header:ignore, 0, 0, 0
3804, additionalstructures:stone_rock_2, HEADING, header:ignore, 0, 0, 0
3805, betternether:jungle_temples, HEADING, header:ignore, 0, 0, 0
3806, qrafty:birk_fort, HEADING, header:ignore, 0, 0, 0
3807, additionalstructures:desert_pillars_2, HEADING, header:ignore, 0, 0, 0
3808, additionalstructures:camp_3, HEADING, header:ignore, 0, 0, 0
3809, additionalstructures:underground_stollen_1, HEADING, header:ignore, 0, 0, 0
3810, additionalstructures:spider_nest_3, HEADING, header:ignore, 0, 0, 0
3811, additionalstructures:spider_nest_3, MONSTER, minecraft:cave_spider, 10, 2, 4
3812, imst:lumberjack/oak_hut, HEADING, header:ignore, 0, 0, 0
3813, mvs:acacia_tree, HEADING, header:ignore, 0, 0, 0
3814, ctov:small/village_swamp, HEADING, header:ignore, 0, 0, 0
3815, wabi_sabi_structures:sunken_steamboat, HEADING, header:ignore, 0, 0, 0
3816, additionalstructures:nether_villager_house_1, HEADING, header:ignore, 0, 0, 0
3817, explorify:badlands_pyramid, HEADING, header:ignore, 0, 0, 0
3818, ctov:pillager_outpost_beach, HEADING, header:ignore, 0, 0, 0
3819, ctov:pillager_outpost_beach, MONSTER, minecraft:pillager, 10, 1, 1
3820, ctov:pillager_outpost_beach, MONSTER, minecraft:evoker, 10, 1, 1
3821, ctov:pillager_outpost_beach, MONSTER, minecraft:vindicator, 10, 1, 1
3822, ctov:pillager_outpost_beach, MONSTER, minecraft:witch, 10, 1, 1
3823, wabi_sabi_structures:dark_witch_keep, HEADING, header:ignore, 0, 0, 0
3824, mvs:small_ship, HEADING, header:ignore, 0, 0, 0
3825, bettermineshafts:mineshaft_oak, HEADING, header:ignore, 0, 0, 0
3826, mvs:medium_igloo_2, HEADING, header:ignore, 0, 0, 0
3827, qrafty:archeology, HEADING, header:ignore, 0, 0, 0
3828, ctov:medium/village_desert, HEADING, header:ignore, 0, 0, 0
3829, wabi_sabi_structures:llama_sanctuary_plateau, HEADING, header:ignore, 0, 0, 0
3830, minecraft:end_city, HEADING, header:ignore, 0, 0, 0
3831, mvs:dead_tree_oak, HEADING, header:ignore, 0, 0, 0
3832, minecraft:village_plains, HEADING, header:ignore, 0, 0, 0
3833, totw_modded:mars, HEADING, header:ignore, 0, 0, 0
3834, nordic_structure:stormborn_tomb, HEADING, header:ignore, 0, 0, 0
3835, explorify:watchtower/plains, HEADING, header:ignore, 0, 0, 0
3836, ctov:small/village_swamp_fortified, HEADING, header:ignore, 0, 0, 0
3837, minecraft:ruined_portal_swamp, HEADING, header:ignore, 0, 0, 0
3838, formationsnether:sphere_cage, HEADING, header:ignore, 0, 0, 0
3839, additionalstructures:maya_temple, HEADING, header:ignore, 0, 0, 0
3840, additionalstructures:stone_rock_1, HEADING, header:ignore, 0, 0, 0
3841, abridged:bridge, HEADING, header:ignore, 0, 0, 0
3842, iceandfire:gorgon_temple, HEADING, header:ignore, 0, 0, 0
3843, grim_kingdoms:whitewarden_keep, HEADING, header:ignore, 0, 0, 0
3844, ctov:medium/village_swamp_fortified, HEADING, header:ignore, 0, 0, 0
3845, imst:caravan, HEADING, header:ignore, 0, 0, 0
3846, nova_structures:firewatch_tower_taiga, HEADING, header:ignore, 0, 0, 0
3847, structory_towers:end/end_tower, HEADING, header:ignore, 0, 0, 0
3848, beachparty:beach_hut, HEADING, header:ignore, 0, 0, 0
3849, totw_modded:jungle, HEADING, header:ignore, 0, 0, 0
3850, minecraft:ocean_ruin_cold, HEADING, header:ignore, 0, 0, 0
3851, additionalstructures:villager_house_3, HEADING, header:ignore, 0, 0, 0
3852, structory_towers:taiga_outpost, HEADING, header:ignore, 0, 0, 0
3853, structory_towers:taiga_outpost, MONSTER, minecraft:pillager, 10, 1, 1
3854, additionalstructures:tomb_2, HEADING, header:ignore, 0, 0, 0
3855, explorify:supply_cache/dark, HEADING, header:ignore, 0, 0, 0
3856, additionalstructures:obsidian_tree_1, HEADING, header:ignore, 0, 0, 0
3857, mvs:cartographer_tower, HEADING, header:ignore, 0, 0, 0
3858, mvs:red_stall, HEADING, header:ignore, 0, 0, 0
3859, nova_structures:tavern_oak, HEADING, header:ignore, 0, 0, 0
3860, iceandfire:fire_dragon_cave, HEADING, header:ignore, 0, 0, 0
3861, medieval_buildings:tower, HEADING, header:ignore, 0, 0, 0
3862, additionalstructures:nether_building_1, HEADING, header:ignore, 0, 0, 0
3863, mvs:medium_oak_lantern, HEADING, header:ignore, 0, 0, 0
3864, awesomedungeon:jungle_giant_tree, HEADING, header:ignore, 0, 0, 0
3865, awesomedungeon:desert_temple_husk, HEADING, header:ignore, 0, 0, 0
3866, wabi_sabi_structures:tree_cage, HEADING, header:ignore, 0, 0, 0
3867, additionalstructures:fallen_oak_tree_2, HEADING, header:ignore, 0, 0, 0
3868, additionalstructures:fallen_oak_tree_1, HEADING, header:ignore, 0, 0, 0
3869, wabi_sabi_structures:vigilante_fort, HEADING, header:ignore, 0, 0, 0
3870, create_structures_arise:pillager_boat, HEADING, header:ignore, 0, 0, 0
3871, additionalstructures:jungle_log, HEADING, header:ignore, 0, 0, 0
3872, ctov:small/village_mountain, HEADING, header:ignore, 0, 0, 0
3873, nova_structures:tavern_dark_oak, HEADING, header:ignore, 0, 0, 0
3874, nova_structures:piglin_camp, HEADING, header:ignore, 0, 0, 0
3875, illagerinvasion:illager_fort, HEADING, header:ignore, 0, 0, 0
3876, illagerinvasion:illager_fort, MONSTER, minecraft:pillager, 30, 1, 1
3877, illagerinvasion:illager_fort, MONSTER, illagerinvasion:marauder, 30, 1, 1
3878, illagerinvasion:illager_fort, MONSTER, illagerinvasion:basher, 10, 1, 1
3879, illagerinvasion:illager_fort, MONSTER, illagerinvasion:provoker, 30, 1, 1
3880, nova_structures:bunker, HEADING, header:ignore, 0, 0, 0
3881, additionalstructures:sandstone_totem_2, HEADING, header:ignore, 0, 0, 0
3882, minecraft:mineshaft_mesa, HEADING, header:ignore, 0, 0, 0
3883, iceandfire:fire_dragon_roost, HEADING, header:ignore, 0, 0, 0
3884, minecraft:ruined_portal, HEADING, header:ignore, 0, 0, 0
3885, additionalstructures:spawn_altar_4, HEADING, header:ignore, 0, 0, 0
3886, forsaken:wells/pump/cobble, HEADING, header:ignore, 0, 0, 0
3887, imst:el_dorado, HEADING, header:ignore, 0, 0, 0
3888, imst:el_dorado, MONSTER, minecraft:pillager, 10, 1, 3
3889, wabi_sabi_structures:water_tower_savanna, HEADING, header:ignore, 0, 0, 0
3890, aquamirae:ice_maze/arch, HEADING, header:ignore, 0, 0, 0
3891, aquamirae:ice_maze/arch, MONSTER, aquamirae:maw, 50, 1, 2
3892, aquamirae:ice_maze/arch, AMBIENT, aquamirae:golden_moth, 30, 1, 2
3893, create_structures_arise:createminetrain, HEADING, header:ignore, 0, 0, 0
3894, structory:boat, HEADING, header:ignore, 0, 0, 0
3895, ctov:large/village_taiga_fortified, HEADING, header:ignore, 0, 0, 0
3896, mvs:dead_tree_acacia, HEADING, header:ignore, 0, 0, 0
3897, additionalstructures:spawn_altar_6, HEADING, header:ignore, 0, 0, 0
3898, explorify:supply_cache/jungle, HEADING, header:ignore, 0, 0, 0
3899, philipsruins:badlands_start_dungeon, HEADING, header:ignore, 0, 0, 0
3900, phantasm:shattered_tower, HEADING, header:ignore, 0, 0, 0
3901, phantasm:shattered_tower, CREATURE, minecraft:vex, 10, 1, 1
3902, mvs:house, HEADING, header:ignore, 0, 0, 0
3903, additionalstructures:fallen_dead_tree_2, HEADING, header:ignore, 0, 0, 0
3904, structory:ruin_grassy, HEADING, header:ignore, 0, 0, 0
3905, formationsoverworld:fountain, HEADING, header:ignore, 0, 0, 0
3906, forsaken:wells/mud, HEADING, header:ignore, 0, 0, 0
3907, mvs:large_floating_island, HEADING, header:ignore, 0, 0, 0
3908, red:dark_tower, HEADING, header:ignore, 0, 0, 0
3909, red:dark_tower, MONSTER, minecraft:pillager, 10, 2, 3
3910, wabi_sabi_structures:strider_stable, HEADING, header:ignore, 0, 0, 0
3911, meadow:monument, HEADING, header:ignore, 0, 0, 0
3912, meadow:monument, CREATURE, minecraft:pig, 10, 1, 4
3913, castle_dungeons:castle_illager_desert, HEADING, header:ignore, 0, 0, 0
3914, castle_dungeons:castle_illager_desert, MONSTER, minecraft:pillager, 10, 1, 1
3915, castle_dungeons:castle_illager_desert, MONSTER, minecraft:vindicator, 10, 1, 1
3916, formationsoverworld:desert_houses, HEADING, header:ignore, 0, 0, 0
3917, awesomedungeonnether:nth_giant_crimson_tree, HEADING, header:ignore, 0, 0, 0
3918, mes:starlight_voyager, HEADING, header:ignore, 0, 0, 0
3919, tw:beach_lighthouse, HEADING, header:ignore, 0, 0, 0
3920, nova_structures:tavern_acacia, HEADING, header:ignore, 0, 0, 0
3921, mvs:shed, HEADING, header:ignore, 0, 0, 0
3922, red:desert_pyramid, HEADING, header:ignore, 0, 0, 0
3923, nova_structures:village_jungle, HEADING, header:ignore, 0, 0, 0
3924, create_rustic_structures:rustic_smithy, HEADING, header:ignore, 0, 0, 0
3925, structory:graveyard, HEADING, header:ignore, 0, 0, 0
3926, awesomedungeonend:end_pyramid, HEADING, header:ignore, 0, 0, 0
3927, bosses_of_mass_destruction:void_blossom, HEADING, header:ignore, 0, 0, 0
3928, additionalstructures:stone_circle_3, HEADING, header:ignore, 0, 0, 0
3929, mes:mega_ship_deepslate, HEADING, header:ignore, 0, 0, 0
3930, mes:mega_ship_deepslate, MONSTER, minecraft:shulker, 10, 2, 3
3931, mes:mega_ship_deepslate, MONSTER, minecraft:enderman, 20, 3, 5
3932, mvs:dark_oak_log_pile, HEADING, header:ignore, 0, 0, 0
3933, mns:train, HEADING, header:ignore, 0, 0, 0
3934, qrafty:bamboo, HEADING, header:ignore, 0, 0, 0
3935, farmers_structures:sushi, HEADING, header:ignore, 0, 0, 0
3936, farmers_structures:cook_nether_2, HEADING, header:ignore, 0, 0, 0
3937, mns:sandy_skull, HEADING, header:ignore, 0, 0, 0
3938, mvs:birch_tree, HEADING, header:ignore, 0, 0, 0
3939, formationsnether:small_pedestal, HEADING, header:ignore, 0, 0, 0
3940, mvs:desert_pump, HEADING, header:ignore, 0, 0, 0
3941, qrafty:fort, HEADING, header:ignore, 0, 0, 0
3942, awesomedungeon:mushroom_abandonned, HEADING, header:ignore, 0, 0, 0
